// Jest Snapshot v1, https://goo.gl/fbAQLP

exports[`Dialog Component renders a snapshot that matches previous 1`] = `
<WithStyles(ForwardRef(Dialog))
  open={true}
>
  <WithStyles(ForwardRef(DialogTitle)) />
  <WithStyles(ForwardRef(DialogContent))>
    <WithStyles(ForwardRef(DialogContentText))>
      Description of dialog...
    </WithStyles(ForwardRef(DialogContentText))>
  </WithStyles(ForwardRef(DialogContent))>
  <WithStyles(ForwardRef(DialogContent))>
    <WithStyles(ForwardRef(DialogContentText))>
      Description of dialog...
    </WithStyles(ForwardRef(DialogContentText))>
  </WithStyles(ForwardRef(DialogContent))>
  <WithStyles(ForwardRef(DialogActions))>
    <WithStyles(ForwardRef(Button))
      className="dialogButton"
      color="primary"
      onClick={[Function]}
      style={
        Object {
          "backgroundColor": "#ee7b7b",
          "color": "#fff",
        }
      }
    >
      Cancel
    </WithStyles(ForwardRef(Button))>
    <WithStyles(ForwardRef(Button))
      className="dialogButton"
      color="primary"
      variant="outlined"
    >
      Continue
    </WithStyles(ForwardRef(Button))>
  </WithStyles(ForwardRef(DialogActions))>
</WithStyles(ForwardRef(Dialog))>
`;
