// Jest Snapshot v1, https://goo.gl/fbAQLP

exports[`Dialog Component renders a snapshot that matches previous 1`] = `
<div>
  <WithStyles(ForwardRef(Dialog))
    open={true}
  >
    <WithStyles(ForwardRef(DialogTitle)) />
    <WithStyles(ForwardRef(DialogContent))>
      <WithStyles(ForwardRef(DialogContentText)) />
    </WithStyles(ForwardRef(DialogContent))>
    <WithStyles(ForwardRef(DialogActions))>
      <WithStyles(ForwardRef(Button))
        className="dialogButton"
        color="secondary"
      >
        Continue
      </WithStyles(ForwardRef(Button))>
      <WithStyles(ForwardRef(Button))
        className="dialogButton"
        color="primary"
        onClick={[Function]}
      >
        Cancel
      </WithStyles(ForwardRef(Button))>
    </WithStyles(ForwardRef(DialogActions))>
  </WithStyles(ForwardRef(Dialog))>
</div>
`;
