// Jest Snapshot v1, https://goo.gl/fbAQLP

exports[`Filters component renders a snapshot that matches previous 1`] = `
<Styled(MuiBox)
  ml="5%"
  py={2}
>
  <WithStyles(WithStyles(ForwardRef(FormControl)))
    margin="normal"
  >
    <WithStyles(ForwardRef(InputLabel))
      id="filter-by-label"
    >
      Filter by
    </WithStyles(ForwardRef(InputLabel))>
    <WithStyles(ForwardRef(Select))
      onChange={[Function]}
      renderValue={[Function]}
      value="namespace"
    >
      <WithStyles(ForwardRef(MenuItem))
        key="namespace"
        value="namespace"
      >
        namespace
      </WithStyles(ForwardRef(MenuItem))>
      <WithStyles(ForwardRef(MenuItem))
        key="datasource"
        value="datasource"
      >
        datasource
      </WithStyles(ForwardRef(MenuItem))>
      <WithStyles(ForwardRef(MenuItem))
        key="all"
        value="all"
      >
        All
      </WithStyles(ForwardRef(MenuItem))>
    </WithStyles(ForwardRef(Select))>
  </WithStyles(WithStyles(ForwardRef(FormControl)))>
  <WithStyles(WithStyles(ForwardRef(FormControl)))
    margin="normal"
  >
    <WithStyles(ForwardRef(InputLabel))
      id="secondary-filter"
    >
      namespace
    </WithStyles(ForwardRef(InputLabel))>
    <WithStyles(ForwardRef(Select))
      onChange={[Function]}
      renderValue={[Function]}
      value={
        Object {
          "name": "galactic-data",
          "ownerName": "galactic-data",
        }
      }
    >
      <WithStyles(ForwardRef(MenuItem))
        key="galactic-data"
        value={
          Object {
            "name": "galactic-data",
            "ownerName": "galactic-data",
          }
        }
      >
        galactic-data
      </WithStyles(ForwardRef(MenuItem))>
      <WithStyles(ForwardRef(MenuItem))
        key="interstellar-data"
        value={
          Object {
            "name": "interstellar-data",
            "ownerName": "interstellar-data",
          }
        }
      >
        interstellar-data
      </WithStyles(ForwardRef(MenuItem))>
    </WithStyles(ForwardRef(Select))>
  </WithStyles(WithStyles(ForwardRef(FormControl)))>
</Styled(MuiBox)>
`;
