// Jest Snapshot v1, https://goo.gl/fbAQLP

exports[`Filters component renders a snapshot that matches previous 1`] = `
<Styled(MuiBox)
  ml="5%"
  py={2}
>
  <WithStyles(WithStyles(ForwardRef(FormControl)))
    margin="normal"
  >
    <WithStyles(ForwardRef(Select))
      onChange={[Function]}
      renderValue={[Function]}
      value="all"
    >
      <WithStyles(ForwardRef(MenuItem))
        key="namespace"
        value="namespace"
      >
        namespace
      </WithStyles(ForwardRef(MenuItem))>
      <WithStyles(ForwardRef(MenuItem))
        key="datasource"
        value="datasource"
      >
        datasource
      </WithStyles(ForwardRef(MenuItem))>
      <WithStyles(ForwardRef(MenuItem))
        key="all"
        value="all"
      >
        all
      </WithStyles(ForwardRef(MenuItem))>
    </WithStyles(ForwardRef(Select))>
  </WithStyles(WithStyles(ForwardRef(FormControl)))>
</Styled(MuiBox)>
`;
