// Jest Snapshot v1, https://goo.gl/fbAQLP

exports[`JobDetailPage Component when there is no match for the jobName in url params renders a snapshot that matches previous 1`] = `
<WithStyles(JobDetailPage)>
  <JobDetailPage
    classes={
      Object {
        "SQLModal": "JobDetailPage-SQLModal-14",
        "SQLModalContainer": "JobDetailPage-SQLModalContainer-13",
        "SQLModalTitle": "JobDetailPage-SQLModalTitle-15",
        "_SQL": "JobDetailPage-_SQL-11",
        "_SQLComment": "JobDetailPage-_SQLComment-12",
        "_description": "JobDetailPage-_description-8",
        "_name": "JobDetailPage-_name-7",
        "_owner": "JobDetailPage-_owner-9",
        "_ownerIcon": "JobDetailPage-_ownerIcon-10",
        "_status": "JobDetailPage-_status-4",
        "copyToClipboard": "JobDetailPage-copyToClipboard-16",
        "failed": "JobDetailPage-failed-5",
        "lastUpdated": "JobDetailPage-lastUpdated-3",
        "passed": "JobDetailPage-passed-6",
        "root": "JobDetailPage-root-1",
        "topSection": "JobDetailPage-topSection-2",
      }
    }
  >
    <Styled(MuiBox)
      className="JobDetailPage-root-1"
      display="flex"
      flexDirection="column"
      justifyContent="space-between"
      p={4}
    >
      <div
        className="MuiBox-root MuiBox-root-18 JobDetailPage-root-1"
      >
        <WithStyles(ForwardRef(Typography))
          align="center"
        >
          <ForwardRef(Typography)
            align="center"
            classes={
              Object {
                "alignCenter": "MuiTypography-alignCenter",
                "alignJustify": "MuiTypography-alignJustify",
                "alignLeft": "MuiTypography-alignLeft",
                "alignRight": "MuiTypography-alignRight",
                "body1": "MuiTypography-body1",
                "body2": "MuiTypography-body2",
                "button": "MuiTypography-button",
                "caption": "MuiTypography-caption",
                "colorError": "MuiTypography-colorError",
                "colorInherit": "MuiTypography-colorInherit",
                "colorPrimary": "MuiTypography-colorPrimary",
                "colorSecondary": "MuiTypography-colorSecondary",
                "colorTextPrimary": "MuiTypography-colorTextPrimary",
                "colorTextSecondary": "MuiTypography-colorTextSecondary",
                "displayBlock": "MuiTypography-displayBlock",
                "displayInline": "MuiTypography-displayInline",
                "gutterBottom": "MuiTypography-gutterBottom",
                "h1": "MuiTypography-h1",
                "h2": "MuiTypography-h2",
                "h3": "MuiTypography-h3",
                "h4": "MuiTypography-h4",
                "h5": "MuiTypography-h5",
                "h6": "MuiTypography-h6",
                "noWrap": "MuiTypography-noWrap",
                "overline": "MuiTypography-overline",
                "paragraph": "MuiTypography-paragraph",
                "root": "MuiTypography-root",
                "srOnly": "MuiTypography-srOnly",
                "subtitle1": "MuiTypography-subtitle1",
                "subtitle2": "MuiTypography-subtitle2",
              }
            }
          >
            <p
              className="MuiTypography-root MuiTypography-body1 MuiTypography-alignCenter"
            >
              No job by the name of 
              <strong>
                "
                test.job
                "
              </strong>
               found
            </p>
          </ForwardRef(Typography)>
        </WithStyles(ForwardRef(Typography))>
      </div>
    </Styled(MuiBox)>
  </JobDetailPage>
</WithStyles(JobDetailPage)>
`;

exports[`JobDetailPage Component when there is no match for the jobName in url params when there is a match for the jobName in url params if there is SQL to render renders a snapshot that matches previous 1`] = `
<WithStyles(JobDetailPage)
  jobs={
    Array [
      Object {
        "context": Object {
          "SQL": "
-- THIS IS SAMPLE SQL

    SELECT 0 AS num UNION ALL
    SELECT 1 UNION ALL
    SELECT 2 UNION ALL
    SELECT 3 UNION ALL
    SELECT 4 UNION ALL
    SELECT 5 UNION ALL
    SELECT 6 UNION ALL
    SELECT 7 UNION ALL
    SELECT 8 UNION ALL
    SELECT 9
)

, numbers_100 AS
(
   FROM the_whole_flippin_universe",
        },
        "description": "calculates all possible dimensions from input geometry",
        "inputs": Array [
          "galaxy.geometry",
        ],
        "location": "https://github.com/Galaxy/blob/ecfc04de65137bfd25a0416d227eaba5325c8c63/calculate.galaxy_dimensions.sql",
        "name": "calculate.galaxy_dimensions",
        "namespace": "galactic-data",
        "outputs": Array [
          "galaxy.dimensions",
        ],
        "type": "BATCH",
      },
      Object {
        "description": "calculates trips taken in the galaxy",
        "inputs": Array [
          "galaxy.dimensions",
        ],
        "location": "https://github.com/Galaxy/blob/ecfc04de65137bfd25a0416d227eaba5325c8c63/calculate.galaxy_trips.sql",
        "name": "calculate.galaxy_trips",
        "namespace": "galactic-data",
        "outputs": Array [
          "galaxy.trips",
        ],
        "type": "BATCH",
      },
      Object {
        "context": Object {
          "SQL": "
-- THIS IS SAMPLE SQL

    SELECT 0 AS num UNION ALL
    SELECT 1 UNION ALL
    SELECT 2 UNION ALL
    SELECT 3 UNION ALL
    SELECT 4 UNION ALL
    SELECT 5 UNION ALL
    SELECT 6 UNION ALL
    SELECT 7 UNION ALL
    SELECT 8 UNION ALL
    SELECT 9
)

, numbers_100 AS
(
   FROM the_whole_flippin_universe",
        },
        "description": "calculates the dimensions of earth",
        "inputs": Array [
          "earth.dimensions",
        ],
        "location": "https://github.com/Galaxy/blob/ecfc04de65137bfd25a0416d227eaba5325c8c63/calculate.galaxy_trips.sql",
        "name": "calculate.earth_dimensions",
        "namespace": "galactic-data",
        "outputs": Array [
          "earth.trips",
        ],
        "type": "BATCH",
      },
      Object {
        "description": "calculates the entire universe",
        "inputs": Array [
          "objects.stars",
          "objects.planets",
          "objects.life",
        ],
        "location": "https://github.com/Galaxy/blob/ecfc04de65137bfd25a0416d227eaba5325c8c63/calculate.galaxy_trips.sql",
        "name": "calculate.universe",
        "namespace": "galactic-data",
        "outputs": Array [
          "environment.universe",
        ],
        "type": "BATCH",
      },
      Object {
        "description": "calculates all communications in the galaxy",
        "inputs": Array [
          "galaxy.radiowaves",
          "galaxy.satellites",
        ],
        "location": "https://github.com/Galaxy/blob/ecfc04de65137bfd25a0416d227eaba5325c8c63/calculate.galaxy_trips.sql",
        "name": "calculate.communications",
        "namespace": "galactic-data",
        "outputs": Array [
          "environment.conversations",
          "environment.transcripts",
        ],
        "type": "BATCH",
      },
      Object {
        "description": "calculates literally nothing!",
        "inputs": Array [],
        "location": "https://github.com/Galaxy/blob/ecfc04de65137bfd25a0416d227eaba5325c8c63/calculate.galaxy_trips.sql",
        "name": "calculate.nothing",
        "namespace": "galactic-data",
        "outputs": Array [],
        "type": "BATCH",
      },
      Object {
        "context": Object {
          "SQL": "
-- THIS IS SAMPLE SQL

    SELECT 0 AS num UNION ALL
    SELECT 1 UNION ALL
    SELECT 2 UNION ALL
    SELECT 3 UNION ALL
    SELECT 4 UNION ALL
    SELECT 5 UNION ALL
    SELECT 6 UNION ALL
    SELECT 7 UNION ALL
    SELECT 8 UNION ALL
    SELECT 9
)

, numbers_100 AS
(
   FROM the_whole_flippin_universe",
        },
        "description": "calculates literally nothing!",
        "inputs": Array [
          "rocket.parts",
        ],
        "location": "https://github.com/Galaxy/blob/ecfc04de65137bfd25a0416d227eaba5325c8c63/calculate.galaxy_trips.sql",
        "name": "build.rocket",
        "namespace": "galactic-data",
        "outputs": Array [
          "rocket.types",
        ],
        "type": "BATCH",
      },
      Object {
        "description": "calculates literally nothing!",
        "inputs": Array [
          "station.parts",
        ],
        "location": "https://github.com/Galaxy/blob/ecfc04de65137bfd25a0416d227eaba5325c8c63/calculate.galaxy_trips.sql",
        "name": "build.space_station",
        "namespace": "galactic-data",
        "outputs": Array [
          "station.types",
        ],
        "type": "BATCH",
      },
      Object {
        "description": "calculates literally nothing!",
        "inputs": Array [
          "alien.parts",
        ],
        "location": "https://github.com/Galaxy/blob/ecfc04de65137bfd25a0416d227eaba5325c8c63/calculate.galaxy_trips.sql",
        "name": "build.aliens",
        "namespace": "galactic-data",
        "outputs": Array [
          "alien.types",
        ],
        "type": "BATCH",
      },
      Object {
        "context": Object {
          "SQL": "
-- THIS IS SAMPLE SQL

    SELECT 0 AS num UNION ALL
    SELECT 1 UNION ALL
    SELECT 2 UNION ALL
    SELECT 3 UNION ALL
    SELECT 4 UNION ALL
    SELECT 5 UNION ALL
    SELECT 6 UNION ALL
    SELECT 7 UNION ALL
    SELECT 8 UNION ALL
    SELECT 9
)

, numbers_100 AS
(
   FROM the_whole_flippin_universe",
        },
        "description": "calculates all possible dimensions from interstellar dimensions",
        "inputs": Array [
          "interstellar.geometry",
        ],
        "location": "https://github.com/Galaxy/blob/ecfc04de65137bfd25a0416d227eaba5325c8c63/calculate.galaxy_dimensions.sql",
        "name": "calculate.interstellar_dimensions",
        "namespace": "interstellar-data",
        "outputs": Array [
          "interstellar.dimensions",
        ],
        "type": "BATCH",
      },
      Object {
        "description": "calculates trips taken in the interstellar world",
        "inputs": Array [
          "interstellar.dimensions",
        ],
        "location": "https://github.com/Galaxy/blob/ecfc04de65137bfd25a0416d227eaba5325c8c63/calculate.galaxy_trips.sql",
        "name": "calculate.interstellar_trips",
        "namespace": "interstellar-data",
        "outputs": Array [
          "interstellar.trips",
        ],
        "type": "BATCH",
      },
      Object {
        "context": Object {
          "SQL": "
-- THIS IS SAMPLE SQL

    SELECT 0 AS num UNION ALL
    SELECT 1 UNION ALL
    SELECT 2 UNION ALL
    SELECT 3 UNION ALL
    SELECT 4 UNION ALL
    SELECT 5 UNION ALL
    SELECT 6 UNION ALL
    SELECT 7 UNION ALL
    SELECT 8 UNION ALL
    SELECT 9
)

, numbers_100 AS
(
   FROM the_whole_flippin_universe",
        },
        "description": "calculates the dimensions of the cosmics",
        "inputs": Array [
          "interstellar.trips",
        ],
        "location": "https://github.com/Galaxy/blob/ecfc04de65137bfd25a0416d227eaba5325c8c63/calculate.galaxy_trips.sql",
        "name": "calculate.cosmic_dimensions",
        "namespace": "interstellar-data",
        "outputs": Array [
          "cosmic.dimensions",
        ],
        "type": "BATCH",
      },
      Object {
        "description": "calculates the entire cosmic universe",
        "inputs": Array [
          "cosmic.stars",
          "cosmic.planets",
          "cosmic.life",
        ],
        "location": "https://github.com/Galaxy/blob/ecfc04de65137bfd25a0416d227eaba5325c8c63/calculate.galaxy_trips.sql",
        "name": "calculate.cosmic_universe",
        "namespace": "interstellar-data",
        "outputs": Array [
          "cosmic.universe",
        ],
        "type": "BATCH",
      },
      Object {
        "description": "calculates all communications in the cosmics",
        "inputs": Array [
          "cosmic.radiowaves",
          "cosmic.satellites",
        ],
        "location": "https://github.com/Galaxy/blob/ecfc04de65137bfd25a0416d227eaba5325c8c63/calculate.galaxy_trips.sql",
        "name": "calculate.cosmic_communications",
        "namespace": "interstellar-data",
        "outputs": Array [
          "interstellar.conversations",
          "interstellar.transcripts",
        ],
        "type": "BATCH",
      },
      Object {
        "context": Object {
          "SQL": "
-- THIS IS SAMPLE SQL

    SELECT 0 AS num UNION ALL
    SELECT 1 UNION ALL
    SELECT 2 UNION ALL
    SELECT 3 UNION ALL
    SELECT 4 UNION ALL
    SELECT 5 UNION ALL
    SELECT 6 UNION ALL
    SELECT 7 UNION ALL
    SELECT 8 UNION ALL
    SELECT 9
)

, numbers_100 AS
(
   FROM the_whole_flippin_universe",
        },
        "description": "calculates literally nothing!",
        "inputs": Array [],
        "location": "https://github.com/Galaxy/blob/ecfc04de65137bfd25a0416d227eaba5325c8c63/calculate.galaxy_trips.sql",
        "name": "cosmic.nothing",
        "namespace": "interstellar-data",
        "outputs": Array [],
        "type": "BATCH",
      },
      Object {
        "description": "calculates literally nothing!",
        "inputs": Array [
          "comet.parts",
        ],
        "location": "https://github.com/Galaxy/blob/ecfc04de65137bfd25a0416d227eaba5325c8c63/calculate.galaxy_trips.sql",
        "name": "build.comets",
        "namespace": "interstellar-data",
        "outputs": Array [
          "comet.types",
        ],
        "type": "BATCH",
      },
      Object {
        "description": "calculates literally nothing!",
        "inputs": Array [
          "black_hole.parts",
        ],
        "location": "https://github.com/Galaxy/blob/ecfc04de65137bfd25a0416d227eaba5325c8c63/calculate.galaxy_trips.sql",
        "name": "build.black_holes",
        "namespace": "interstellar-data",
        "outputs": Array [
          "black_hole.types",
        ],
        "type": "BATCH",
      },
      Object {
        "context": Object {
          "SQL": "
-- THIS IS SAMPLE SQL

    SELECT 0 AS num UNION ALL
    SELECT 1 UNION ALL
    SELECT 2 UNION ALL
    SELECT 3 UNION ALL
    SELECT 4 UNION ALL
    SELECT 5 UNION ALL
    SELECT 6 UNION ALL
    SELECT 7 UNION ALL
    SELECT 8 UNION ALL
    SELECT 9
)

, numbers_100 AS
(
   FROM the_whole_flippin_universe",
        },
        "description": "calculates literally nothing!",
        "inputs": Array [
          "worm_hole.parts",
        ],
        "location": "https://github.com/Galaxy/blob/ecfc04de65137bfd25a0416d227eaba5325c8c63/calculate.galaxy_trips.sql",
        "name": "build.worm_holes",
        "namespace": "interstellar-data",
        "outputs": Array [
          "worm_hole.types",
        ],
        "type": "BATCH",
      },
    ]
  }
>
  <JobDetailPage
    classes={
      Object {
        "SQLModal": "JobDetailPage-SQLModal-14",
        "SQLModalContainer": "JobDetailPage-SQLModalContainer-13",
        "SQLModalTitle": "JobDetailPage-SQLModalTitle-15",
        "_SQL": "JobDetailPage-_SQL-11",
        "_SQLComment": "JobDetailPage-_SQLComment-12",
        "_description": "JobDetailPage-_description-8",
        "_name": "JobDetailPage-_name-7",
        "_owner": "JobDetailPage-_owner-9",
        "_ownerIcon": "JobDetailPage-_ownerIcon-10",
        "_status": "JobDetailPage-_status-4",
        "copyToClipboard": "JobDetailPage-copyToClipboard-16",
        "failed": "JobDetailPage-failed-5",
        "lastUpdated": "JobDetailPage-lastUpdated-3",
        "passed": "JobDetailPage-passed-6",
        "root": "JobDetailPage-root-1",
        "topSection": "JobDetailPage-topSection-2",
      }
    }
    jobs={
      Array [
        Object {
          "context": Object {
            "SQL": "
-- THIS IS SAMPLE SQL

    SELECT 0 AS num UNION ALL
    SELECT 1 UNION ALL
    SELECT 2 UNION ALL
    SELECT 3 UNION ALL
    SELECT 4 UNION ALL
    SELECT 5 UNION ALL
    SELECT 6 UNION ALL
    SELECT 7 UNION ALL
    SELECT 8 UNION ALL
    SELECT 9
)

, numbers_100 AS
(
   FROM the_whole_flippin_universe",
          },
          "description": "calculates all possible dimensions from input geometry",
          "inputs": Array [
            "galaxy.geometry",
          ],
          "location": "https://github.com/Galaxy/blob/ecfc04de65137bfd25a0416d227eaba5325c8c63/calculate.galaxy_dimensions.sql",
          "name": "calculate.galaxy_dimensions",
          "namespace": "galactic-data",
          "outputs": Array [
            "galaxy.dimensions",
          ],
          "type": "BATCH",
        },
        Object {
          "description": "calculates trips taken in the galaxy",
          "inputs": Array [
            "galaxy.dimensions",
          ],
          "location": "https://github.com/Galaxy/blob/ecfc04de65137bfd25a0416d227eaba5325c8c63/calculate.galaxy_trips.sql",
          "name": "calculate.galaxy_trips",
          "namespace": "galactic-data",
          "outputs": Array [
            "galaxy.trips",
          ],
          "type": "BATCH",
        },
        Object {
          "context": Object {
            "SQL": "
-- THIS IS SAMPLE SQL

    SELECT 0 AS num UNION ALL
    SELECT 1 UNION ALL
    SELECT 2 UNION ALL
    SELECT 3 UNION ALL
    SELECT 4 UNION ALL
    SELECT 5 UNION ALL
    SELECT 6 UNION ALL
    SELECT 7 UNION ALL
    SELECT 8 UNION ALL
    SELECT 9
)

, numbers_100 AS
(
   FROM the_whole_flippin_universe",
          },
          "description": "calculates the dimensions of earth",
          "inputs": Array [
            "earth.dimensions",
          ],
          "location": "https://github.com/Galaxy/blob/ecfc04de65137bfd25a0416d227eaba5325c8c63/calculate.galaxy_trips.sql",
          "name": "calculate.earth_dimensions",
          "namespace": "galactic-data",
          "outputs": Array [
            "earth.trips",
          ],
          "type": "BATCH",
        },
        Object {
          "description": "calculates the entire universe",
          "inputs": Array [
            "objects.stars",
            "objects.planets",
            "objects.life",
          ],
          "location": "https://github.com/Galaxy/blob/ecfc04de65137bfd25a0416d227eaba5325c8c63/calculate.galaxy_trips.sql",
          "name": "calculate.universe",
          "namespace": "galactic-data",
          "outputs": Array [
            "environment.universe",
          ],
          "type": "BATCH",
        },
        Object {
          "description": "calculates all communications in the galaxy",
          "inputs": Array [
            "galaxy.radiowaves",
            "galaxy.satellites",
          ],
          "location": "https://github.com/Galaxy/blob/ecfc04de65137bfd25a0416d227eaba5325c8c63/calculate.galaxy_trips.sql",
          "name": "calculate.communications",
          "namespace": "galactic-data",
          "outputs": Array [
            "environment.conversations",
            "environment.transcripts",
          ],
          "type": "BATCH",
        },
        Object {
          "description": "calculates literally nothing!",
          "inputs": Array [],
          "location": "https://github.com/Galaxy/blob/ecfc04de65137bfd25a0416d227eaba5325c8c63/calculate.galaxy_trips.sql",
          "name": "calculate.nothing",
          "namespace": "galactic-data",
          "outputs": Array [],
          "type": "BATCH",
        },
        Object {
          "context": Object {
            "SQL": "
-- THIS IS SAMPLE SQL

    SELECT 0 AS num UNION ALL
    SELECT 1 UNION ALL
    SELECT 2 UNION ALL
    SELECT 3 UNION ALL
    SELECT 4 UNION ALL
    SELECT 5 UNION ALL
    SELECT 6 UNION ALL
    SELECT 7 UNION ALL
    SELECT 8 UNION ALL
    SELECT 9
)

, numbers_100 AS
(
   FROM the_whole_flippin_universe",
          },
          "description": "calculates literally nothing!",
          "inputs": Array [
            "rocket.parts",
          ],
          "location": "https://github.com/Galaxy/blob/ecfc04de65137bfd25a0416d227eaba5325c8c63/calculate.galaxy_trips.sql",
          "name": "build.rocket",
          "namespace": "galactic-data",
          "outputs": Array [
            "rocket.types",
          ],
          "type": "BATCH",
        },
        Object {
          "description": "calculates literally nothing!",
          "inputs": Array [
            "station.parts",
          ],
          "location": "https://github.com/Galaxy/blob/ecfc04de65137bfd25a0416d227eaba5325c8c63/calculate.galaxy_trips.sql",
          "name": "build.space_station",
          "namespace": "galactic-data",
          "outputs": Array [
            "station.types",
          ],
          "type": "BATCH",
        },
        Object {
          "description": "calculates literally nothing!",
          "inputs": Array [
            "alien.parts",
          ],
          "location": "https://github.com/Galaxy/blob/ecfc04de65137bfd25a0416d227eaba5325c8c63/calculate.galaxy_trips.sql",
          "name": "build.aliens",
          "namespace": "galactic-data",
          "outputs": Array [
            "alien.types",
          ],
          "type": "BATCH",
        },
        Object {
          "context": Object {
            "SQL": "
-- THIS IS SAMPLE SQL

    SELECT 0 AS num UNION ALL
    SELECT 1 UNION ALL
    SELECT 2 UNION ALL
    SELECT 3 UNION ALL
    SELECT 4 UNION ALL
    SELECT 5 UNION ALL
    SELECT 6 UNION ALL
    SELECT 7 UNION ALL
    SELECT 8 UNION ALL
    SELECT 9
)

, numbers_100 AS
(
   FROM the_whole_flippin_universe",
          },
          "description": "calculates all possible dimensions from interstellar dimensions",
          "inputs": Array [
            "interstellar.geometry",
          ],
          "location": "https://github.com/Galaxy/blob/ecfc04de65137bfd25a0416d227eaba5325c8c63/calculate.galaxy_dimensions.sql",
          "name": "calculate.interstellar_dimensions",
          "namespace": "interstellar-data",
          "outputs": Array [
            "interstellar.dimensions",
          ],
          "type": "BATCH",
        },
        Object {
          "description": "calculates trips taken in the interstellar world",
          "inputs": Array [
            "interstellar.dimensions",
          ],
          "location": "https://github.com/Galaxy/blob/ecfc04de65137bfd25a0416d227eaba5325c8c63/calculate.galaxy_trips.sql",
          "name": "calculate.interstellar_trips",
          "namespace": "interstellar-data",
          "outputs": Array [
            "interstellar.trips",
          ],
          "type": "BATCH",
        },
        Object {
          "context": Object {
            "SQL": "
-- THIS IS SAMPLE SQL

    SELECT 0 AS num UNION ALL
    SELECT 1 UNION ALL
    SELECT 2 UNION ALL
    SELECT 3 UNION ALL
    SELECT 4 UNION ALL
    SELECT 5 UNION ALL
    SELECT 6 UNION ALL
    SELECT 7 UNION ALL
    SELECT 8 UNION ALL
    SELECT 9
)

, numbers_100 AS
(
   FROM the_whole_flippin_universe",
          },
          "description": "calculates the dimensions of the cosmics",
          "inputs": Array [
            "interstellar.trips",
          ],
          "location": "https://github.com/Galaxy/blob/ecfc04de65137bfd25a0416d227eaba5325c8c63/calculate.galaxy_trips.sql",
          "name": "calculate.cosmic_dimensions",
          "namespace": "interstellar-data",
          "outputs": Array [
            "cosmic.dimensions",
          ],
          "type": "BATCH",
        },
        Object {
          "description": "calculates the entire cosmic universe",
          "inputs": Array [
            "cosmic.stars",
            "cosmic.planets",
            "cosmic.life",
          ],
          "location": "https://github.com/Galaxy/blob/ecfc04de65137bfd25a0416d227eaba5325c8c63/calculate.galaxy_trips.sql",
          "name": "calculate.cosmic_universe",
          "namespace": "interstellar-data",
          "outputs": Array [
            "cosmic.universe",
          ],
          "type": "BATCH",
        },
        Object {
          "description": "calculates all communications in the cosmics",
          "inputs": Array [
            "cosmic.radiowaves",
            "cosmic.satellites",
          ],
          "location": "https://github.com/Galaxy/blob/ecfc04de65137bfd25a0416d227eaba5325c8c63/calculate.galaxy_trips.sql",
          "name": "calculate.cosmic_communications",
          "namespace": "interstellar-data",
          "outputs": Array [
            "interstellar.conversations",
            "interstellar.transcripts",
          ],
          "type": "BATCH",
        },
        Object {
          "context": Object {
            "SQL": "
-- THIS IS SAMPLE SQL

    SELECT 0 AS num UNION ALL
    SELECT 1 UNION ALL
    SELECT 2 UNION ALL
    SELECT 3 UNION ALL
    SELECT 4 UNION ALL
    SELECT 5 UNION ALL
    SELECT 6 UNION ALL
    SELECT 7 UNION ALL
    SELECT 8 UNION ALL
    SELECT 9
)

, numbers_100 AS
(
   FROM the_whole_flippin_universe",
          },
          "description": "calculates literally nothing!",
          "inputs": Array [],
          "location": "https://github.com/Galaxy/blob/ecfc04de65137bfd25a0416d227eaba5325c8c63/calculate.galaxy_trips.sql",
          "name": "cosmic.nothing",
          "namespace": "interstellar-data",
          "outputs": Array [],
          "type": "BATCH",
        },
        Object {
          "description": "calculates literally nothing!",
          "inputs": Array [
            "comet.parts",
          ],
          "location": "https://github.com/Galaxy/blob/ecfc04de65137bfd25a0416d227eaba5325c8c63/calculate.galaxy_trips.sql",
          "name": "build.comets",
          "namespace": "interstellar-data",
          "outputs": Array [
            "comet.types",
          ],
          "type": "BATCH",
        },
        Object {
          "description": "calculates literally nothing!",
          "inputs": Array [
            "black_hole.parts",
          ],
          "location": "https://github.com/Galaxy/blob/ecfc04de65137bfd25a0416d227eaba5325c8c63/calculate.galaxy_trips.sql",
          "name": "build.black_holes",
          "namespace": "interstellar-data",
          "outputs": Array [
            "black_hole.types",
          ],
          "type": "BATCH",
        },
        Object {
          "context": Object {
            "SQL": "
-- THIS IS SAMPLE SQL

    SELECT 0 AS num UNION ALL
    SELECT 1 UNION ALL
    SELECT 2 UNION ALL
    SELECT 3 UNION ALL
    SELECT 4 UNION ALL
    SELECT 5 UNION ALL
    SELECT 6 UNION ALL
    SELECT 7 UNION ALL
    SELECT 8 UNION ALL
    SELECT 9
)

, numbers_100 AS
(
   FROM the_whole_flippin_universe",
          },
          "description": "calculates literally nothing!",
          "inputs": Array [
            "worm_hole.parts",
          ],
          "location": "https://github.com/Galaxy/blob/ecfc04de65137bfd25a0416d227eaba5325c8c63/calculate.galaxy_trips.sql",
          "name": "build.worm_holes",
          "namespace": "interstellar-data",
          "outputs": Array [
            "worm_hole.types",
          ],
          "type": "BATCH",
        },
      ]
    }
  >
    <Styled(MuiBox)
      className="JobDetailPage-root-1"
      display="flex"
      flexDirection="column"
      justifyContent="space-between"
      p={4}
    >
      <div
        className="MuiBox-root MuiBox-root-49 JobDetailPage-root-1"
      >
        <div
          className="JobDetailPage-topSection-2"
        >
          <div
            className="JobDetailPage-_status-4 JobDetailPage-passed-6"
          />
          <WithStyles(ForwardRef(Typography))
            className="JobDetailPage-_name-7"
            color="secondary"
            variant="h3"
          >
            <ForwardRef(Typography)
              className="JobDetailPage-_name-7"
              classes={
                Object {
                  "alignCenter": "MuiTypography-alignCenter",
                  "alignJustify": "MuiTypography-alignJustify",
                  "alignLeft": "MuiTypography-alignLeft",
                  "alignRight": "MuiTypography-alignRight",
                  "body1": "MuiTypography-body1",
                  "body2": "MuiTypography-body2",
                  "button": "MuiTypography-button",
                  "caption": "MuiTypography-caption",
                  "colorError": "MuiTypography-colorError",
                  "colorInherit": "MuiTypography-colorInherit",
                  "colorPrimary": "MuiTypography-colorPrimary",
                  "colorSecondary": "MuiTypography-colorSecondary",
                  "colorTextPrimary": "MuiTypography-colorTextPrimary",
                  "colorTextSecondary": "MuiTypography-colorTextSecondary",
                  "displayBlock": "MuiTypography-displayBlock",
                  "displayInline": "MuiTypography-displayInline",
                  "gutterBottom": "MuiTypography-gutterBottom",
                  "h1": "MuiTypography-h1",
                  "h2": "MuiTypography-h2",
                  "h3": "MuiTypography-h3",
                  "h4": "MuiTypography-h4",
                  "h5": "MuiTypography-h5",
                  "h6": "MuiTypography-h6",
                  "noWrap": "MuiTypography-noWrap",
                  "overline": "MuiTypography-overline",
                  "paragraph": "MuiTypography-paragraph",
                  "root": "MuiTypography-root",
                  "srOnly": "MuiTypography-srOnly",
                  "subtitle1": "MuiTypography-subtitle1",
                  "subtitle2": "MuiTypography-subtitle2",
                }
              }
              color="secondary"
              variant="h3"
            >
              <h3
                className="MuiTypography-root JobDetailPage-_name-7 MuiTypography-h3 MuiTypography-colorSecondary"
              >
                <a
                  className="link"
                  href="https://github.com/Galaxy/blob/ecfc04de65137bfd25a0416d227eaba5325c8c63/calculate.galaxy_dimensions.sql"
                  target="_"
                >
                  calculate.galaxy_dimensions
                </a>
              </h3>
            </ForwardRef(Typography)>
          </WithStyles(ForwardRef(Typography))>
          <WithStyles(WithStyles(ForwardRef(Typography)))
            className="JobDetailPage-_description-8"
            color="primary"
          >
            <WithStyles(ForwardRef(Typography))
              className="JobDetailPage-_description-8"
              classes={
                Object {
                  "root": "WithStyles(ForwardRef(Typography))-root-50",
                }
              }
              color="primary"
            >
              <ForwardRef(Typography)
                className="JobDetailPage-_description-8"
                classes={
                  Object {
                    "alignCenter": "MuiTypography-alignCenter",
                    "alignJustify": "MuiTypography-alignJustify",
                    "alignLeft": "MuiTypography-alignLeft",
                    "alignRight": "MuiTypography-alignRight",
                    "body1": "MuiTypography-body1",
                    "body2": "MuiTypography-body2",
                    "button": "MuiTypography-button",
                    "caption": "MuiTypography-caption",
                    "colorError": "MuiTypography-colorError",
                    "colorInherit": "MuiTypography-colorInherit",
                    "colorPrimary": "MuiTypography-colorPrimary",
                    "colorSecondary": "MuiTypography-colorSecondary",
                    "colorTextPrimary": "MuiTypography-colorTextPrimary",
                    "colorTextSecondary": "MuiTypography-colorTextSecondary",
                    "displayBlock": "MuiTypography-displayBlock",
                    "displayInline": "MuiTypography-displayInline",
                    "gutterBottom": "MuiTypography-gutterBottom",
                    "h1": "MuiTypography-h1",
                    "h2": "MuiTypography-h2",
                    "h3": "MuiTypography-h3",
                    "h4": "MuiTypography-h4",
                    "h5": "MuiTypography-h5",
                    "h6": "MuiTypography-h6",
                    "noWrap": "MuiTypography-noWrap",
                    "overline": "MuiTypography-overline",
                    "paragraph": "MuiTypography-paragraph",
                    "root": "MuiTypography-root WithStyles(ForwardRef(Typography))-root-50",
                    "srOnly": "MuiTypography-srOnly",
                    "subtitle1": "MuiTypography-subtitle1",
                    "subtitle2": "MuiTypography-subtitle2",
                  }
                }
                color="primary"
              >
                <p
                  className="MuiTypography-root WithStyles(ForwardRef(Typography))-root-50 JobDetailPage-_description-8 MuiTypography-body1 MuiTypography-colorPrimary"
                >
                  calculates all possible dimensions from input geometry
                </p>
              </ForwardRef(Typography)>
            </WithStyles(ForwardRef(Typography))>
          </WithStyles(WithStyles(ForwardRef(Typography)))>
          <ForwardRef
            className="JobDetailPage-_ownerIcon-10"
            color="secondary"
          >
            <WithStyles(ForwardRef(SvgIcon))
              className="JobDetailPage-_ownerIcon-10"
              color="secondary"
            >
              <ForwardRef(SvgIcon)
                className="JobDetailPage-_ownerIcon-10"
                classes={
                  Object {
                    "colorAction": "MuiSvgIcon-colorAction",
                    "colorDisabled": "MuiSvgIcon-colorDisabled",
                    "colorError": "MuiSvgIcon-colorError",
                    "colorPrimary": "MuiSvgIcon-colorPrimary",
                    "colorSecondary": "MuiSvgIcon-colorSecondary",
                    "fontSizeInherit": "MuiSvgIcon-fontSizeInherit",
                    "fontSizeLarge": "MuiSvgIcon-fontSizeLarge",
                    "fontSizeSmall": "MuiSvgIcon-fontSizeSmall",
                    "root": "MuiSvgIcon-root",
                  }
                }
                color="secondary"
              >
                <svg
                  aria-hidden="true"
                  className="MuiSvgIcon-root JobDetailPage-_ownerIcon-10 MuiSvgIcon-colorSecondary"
                  focusable="false"
                  role="presentation"
                  viewBox="0 0 24 24"
                >
                  <path
                    clipRule="evenodd"
                    d="M0 0h24v24H0z"
                    fill="none"
                  />
                  <g
                    clipRule="evenodd"
                    fillRule="evenodd"
                  >
                    <path
                      d="M9 17l3-2.94c-.39-.04-.68-.06-1-.06-2.67 0-8 1.34-8 4v2h9l-3-3zm2-5c2.21 0 4-1.79 4-4s-1.79-4-4-4-4 1.79-4 4 1.79 4 4 4M15.47 20.5L12 17l1.4-1.41 2.07 2.08 5.13-5.17 1.4 1.41z"
                    />
                  </g>
                </svg>
              </ForwardRef(SvgIcon)>
            </WithStyles(ForwardRef(SvgIcon))>
          </ForwardRef>
          <WithStyles(ForwardRef(Typography))
            className="JobDetailPage-_owner-9"
          >
            <ForwardRef(Typography)
              className="JobDetailPage-_owner-9"
              classes={
                Object {
                  "alignCenter": "MuiTypography-alignCenter",
                  "alignJustify": "MuiTypography-alignJustify",
                  "alignLeft": "MuiTypography-alignLeft",
                  "alignRight": "MuiTypography-alignRight",
                  "body1": "MuiTypography-body1",
                  "body2": "MuiTypography-body2",
                  "button": "MuiTypography-button",
                  "caption": "MuiTypography-caption",
                  "colorError": "MuiTypography-colorError",
                  "colorInherit": "MuiTypography-colorInherit",
                  "colorPrimary": "MuiTypography-colorPrimary",
                  "colorSecondary": "MuiTypography-colorSecondary",
                  "colorTextPrimary": "MuiTypography-colorTextPrimary",
                  "colorTextSecondary": "MuiTypography-colorTextSecondary",
                  "displayBlock": "MuiTypography-displayBlock",
                  "displayInline": "MuiTypography-displayInline",
                  "gutterBottom": "MuiTypography-gutterBottom",
                  "h1": "MuiTypography-h1",
                  "h2": "MuiTypography-h2",
                  "h3": "MuiTypography-h3",
                  "h4": "MuiTypography-h4",
                  "h5": "MuiTypography-h5",
                  "h6": "MuiTypography-h6",
                  "noWrap": "MuiTypography-noWrap",
                  "overline": "MuiTypography-overline",
                  "paragraph": "MuiTypography-paragraph",
                  "root": "MuiTypography-root",
                  "srOnly": "MuiTypography-srOnly",
                  "subtitle1": "MuiTypography-subtitle1",
                  "subtitle2": "MuiTypography-subtitle2",
                }
              }
            >
              <p
                className="MuiTypography-root JobDetailPage-_owner-9 MuiTypography-body1"
              >
                galactic-data
              </p>
            </ForwardRef(Typography)>
          </WithStyles(ForwardRef(Typography))>
        </div>
        <Styled(MuiBox)
          bgcolor="white"
          border="1rem solid white"
          borderLeft="none"
          borderRadius="3px"
          boxShadow={1}
          className="JobDetailPage-_SQL-11"
          maxHeight={250}
          minHeight={200}
          mx="auto"
          my={2}
          paddingLeft="2rem"
          position="relative"
          width="80%"
        >
          <div
            className="MuiBox-root MuiBox-root-60 JobDetailPage-_SQL-11"
          >
            <WithStyles(undefined)
              color="secondary"
              onClick={[Function]}
            >
              <ForwardRef
                classes={
                  Object {
                    "root": "OpenWithSharpIcon-root-61",
                  }
                }
                color="secondary"
                onClick={[Function]}
              >
                <WithStyles(ForwardRef(SvgIcon))
                  classes={
                    Object {
                      "root": "OpenWithSharpIcon-root-61",
                    }
                  }
                  color="secondary"
                  onClick={[Function]}
                >
                  <ForwardRef(SvgIcon)
                    classes={
                      Object {
                        "colorAction": "MuiSvgIcon-colorAction",
                        "colorDisabled": "MuiSvgIcon-colorDisabled",
                        "colorError": "MuiSvgIcon-colorError",
                        "colorPrimary": "MuiSvgIcon-colorPrimary",
                        "colorSecondary": "MuiSvgIcon-colorSecondary",
                        "fontSizeInherit": "MuiSvgIcon-fontSizeInherit",
                        "fontSizeLarge": "MuiSvgIcon-fontSizeLarge",
                        "fontSizeSmall": "MuiSvgIcon-fontSizeSmall",
                        "root": "MuiSvgIcon-root OpenWithSharpIcon-root-61",
                      }
                    }
                    color="secondary"
                    onClick={[Function]}
                  >
                    <svg
                      aria-hidden="true"
                      className="MuiSvgIcon-root OpenWithSharpIcon-root-61 MuiSvgIcon-colorSecondary"
                      focusable="false"
                      onClick={[Function]}
                      role="presentation"
                      viewBox="0 0 24 24"
                    >
                      <path
                        d="M10 9h4V6h3l-5-5-5 5h3v3zm-1 1H6V7l-5 5 5 5v-3h3v-4zm14 2l-5-5v3h-3v4h3v3l5-5zm-9 3h-4v3H7l5 5 5-5h-3v-3z"
                      />
                    </svg>
                  </ForwardRef(SvgIcon)>
                </WithStyles(ForwardRef(SvgIcon))>
              </ForwardRef>
            </WithStyles(undefined)>
            <ForwardRef(Modal)
              aria-labelledby="modal-title"
              open={false}
            />
            <WithStyles(WithStyles(ForwardRef(Typography)))
              className=""
              key="0"
            >
              <WithStyles(ForwardRef(Typography))
                className=""
                classes={
                  Object {
                    "root": "WithStyles(ForwardRef(Typography))-root-62",
                  }
                }
              >
                <ForwardRef(Typography)
                  className=""
                  classes={
                    Object {
                      "alignCenter": "MuiTypography-alignCenter",
                      "alignJustify": "MuiTypography-alignJustify",
                      "alignLeft": "MuiTypography-alignLeft",
                      "alignRight": "MuiTypography-alignRight",
                      "body1": "MuiTypography-body1",
                      "body2": "MuiTypography-body2",
                      "button": "MuiTypography-button",
                      "caption": "MuiTypography-caption",
                      "colorError": "MuiTypography-colorError",
                      "colorInherit": "MuiTypography-colorInherit",
                      "colorPrimary": "MuiTypography-colorPrimary",
                      "colorSecondary": "MuiTypography-colorSecondary",
                      "colorTextPrimary": "MuiTypography-colorTextPrimary",
                      "colorTextSecondary": "MuiTypography-colorTextSecondary",
                      "displayBlock": "MuiTypography-displayBlock",
                      "displayInline": "MuiTypography-displayInline",
                      "gutterBottom": "MuiTypography-gutterBottom",
                      "h1": "MuiTypography-h1",
                      "h2": "MuiTypography-h2",
                      "h3": "MuiTypography-h3",
                      "h4": "MuiTypography-h4",
                      "h5": "MuiTypography-h5",
                      "h6": "MuiTypography-h6",
                      "noWrap": "MuiTypography-noWrap",
                      "overline": "MuiTypography-overline",
                      "paragraph": "MuiTypography-paragraph",
                      "root": "MuiTypography-root WithStyles(ForwardRef(Typography))-root-62",
                      "srOnly": "MuiTypography-srOnly",
                      "subtitle1": "MuiTypography-subtitle1",
                      "subtitle2": "MuiTypography-subtitle2",
                    }
                  }
                >
                  <p
                    className="MuiTypography-root WithStyles(ForwardRef(Typography))-root-62 MuiTypography-body1"
                  />
                </ForwardRef(Typography)>
              </WithStyles(ForwardRef(Typography))>
            </WithStyles(WithStyles(ForwardRef(Typography)))>
            <WithStyles(WithStyles(ForwardRef(Typography)))
              className="JobDetailPage-_SQLComment-12"
              key="1"
            >
              <WithStyles(ForwardRef(Typography))
                className="JobDetailPage-_SQLComment-12"
                classes={
                  Object {
                    "root": "WithStyles(ForwardRef(Typography))-root-62",
                  }
                }
              >
                <ForwardRef(Typography)
                  className="JobDetailPage-_SQLComment-12"
                  classes={
                    Object {
                      "alignCenter": "MuiTypography-alignCenter",
                      "alignJustify": "MuiTypography-alignJustify",
                      "alignLeft": "MuiTypography-alignLeft",
                      "alignRight": "MuiTypography-alignRight",
                      "body1": "MuiTypography-body1",
                      "body2": "MuiTypography-body2",
                      "button": "MuiTypography-button",
                      "caption": "MuiTypography-caption",
                      "colorError": "MuiTypography-colorError",
                      "colorInherit": "MuiTypography-colorInherit",
                      "colorPrimary": "MuiTypography-colorPrimary",
                      "colorSecondary": "MuiTypography-colorSecondary",
                      "colorTextPrimary": "MuiTypography-colorTextPrimary",
                      "colorTextSecondary": "MuiTypography-colorTextSecondary",
                      "displayBlock": "MuiTypography-displayBlock",
                      "displayInline": "MuiTypography-displayInline",
                      "gutterBottom": "MuiTypography-gutterBottom",
                      "h1": "MuiTypography-h1",
                      "h2": "MuiTypography-h2",
                      "h3": "MuiTypography-h3",
                      "h4": "MuiTypography-h4",
                      "h5": "MuiTypography-h5",
                      "h6": "MuiTypography-h6",
                      "noWrap": "MuiTypography-noWrap",
                      "overline": "MuiTypography-overline",
                      "paragraph": "MuiTypography-paragraph",
                      "root": "MuiTypography-root WithStyles(ForwardRef(Typography))-root-62",
                      "srOnly": "MuiTypography-srOnly",
                      "subtitle1": "MuiTypography-subtitle1",
                      "subtitle2": "MuiTypography-subtitle2",
                    }
                  }
                >
                  <p
                    className="MuiTypography-root WithStyles(ForwardRef(Typography))-root-62 JobDetailPage-_SQLComment-12 MuiTypography-body1"
                  >
                    -- THIS IS SAMPLE SQL
                  </p>
                </ForwardRef(Typography)>
              </WithStyles(ForwardRef(Typography))>
            </WithStyles(WithStyles(ForwardRef(Typography)))>
            <WithStyles(WithStyles(ForwardRef(Typography)))
              className=""
              key="2"
            >
              <WithStyles(ForwardRef(Typography))
                className=""
                classes={
                  Object {
                    "root": "WithStyles(ForwardRef(Typography))-root-62",
                  }
                }
              >
                <ForwardRef(Typography)
                  className=""
                  classes={
                    Object {
                      "alignCenter": "MuiTypography-alignCenter",
                      "alignJustify": "MuiTypography-alignJustify",
                      "alignLeft": "MuiTypography-alignLeft",
                      "alignRight": "MuiTypography-alignRight",
                      "body1": "MuiTypography-body1",
                      "body2": "MuiTypography-body2",
                      "button": "MuiTypography-button",
                      "caption": "MuiTypography-caption",
                      "colorError": "MuiTypography-colorError",
                      "colorInherit": "MuiTypography-colorInherit",
                      "colorPrimary": "MuiTypography-colorPrimary",
                      "colorSecondary": "MuiTypography-colorSecondary",
                      "colorTextPrimary": "MuiTypography-colorTextPrimary",
                      "colorTextSecondary": "MuiTypography-colorTextSecondary",
                      "displayBlock": "MuiTypography-displayBlock",
                      "displayInline": "MuiTypography-displayInline",
                      "gutterBottom": "MuiTypography-gutterBottom",
                      "h1": "MuiTypography-h1",
                      "h2": "MuiTypography-h2",
                      "h3": "MuiTypography-h3",
                      "h4": "MuiTypography-h4",
                      "h5": "MuiTypography-h5",
                      "h6": "MuiTypography-h6",
                      "noWrap": "MuiTypography-noWrap",
                      "overline": "MuiTypography-overline",
                      "paragraph": "MuiTypography-paragraph",
                      "root": "MuiTypography-root WithStyles(ForwardRef(Typography))-root-62",
                      "srOnly": "MuiTypography-srOnly",
                      "subtitle1": "MuiTypography-subtitle1",
                      "subtitle2": "MuiTypography-subtitle2",
                    }
                  }
                >
                  <p
                    className="MuiTypography-root WithStyles(ForwardRef(Typography))-root-62 MuiTypography-body1"
                  />
                </ForwardRef(Typography)>
              </WithStyles(ForwardRef(Typography))>
            </WithStyles(WithStyles(ForwardRef(Typography)))>
            <WithStyles(WithStyles(ForwardRef(Typography)))
              className=""
              key="3"
            >
              <WithStyles(ForwardRef(Typography))
                className=""
                classes={
                  Object {
                    "root": "WithStyles(ForwardRef(Typography))-root-62",
                  }
                }
              >
                <ForwardRef(Typography)
                  className=""
                  classes={
                    Object {
                      "alignCenter": "MuiTypography-alignCenter",
                      "alignJustify": "MuiTypography-alignJustify",
                      "alignLeft": "MuiTypography-alignLeft",
                      "alignRight": "MuiTypography-alignRight",
                      "body1": "MuiTypography-body1",
                      "body2": "MuiTypography-body2",
                      "button": "MuiTypography-button",
                      "caption": "MuiTypography-caption",
                      "colorError": "MuiTypography-colorError",
                      "colorInherit": "MuiTypography-colorInherit",
                      "colorPrimary": "MuiTypography-colorPrimary",
                      "colorSecondary": "MuiTypography-colorSecondary",
                      "colorTextPrimary": "MuiTypography-colorTextPrimary",
                      "colorTextSecondary": "MuiTypography-colorTextSecondary",
                      "displayBlock": "MuiTypography-displayBlock",
                      "displayInline": "MuiTypography-displayInline",
                      "gutterBottom": "MuiTypography-gutterBottom",
                      "h1": "MuiTypography-h1",
                      "h2": "MuiTypography-h2",
                      "h3": "MuiTypography-h3",
                      "h4": "MuiTypography-h4",
                      "h5": "MuiTypography-h5",
                      "h6": "MuiTypography-h6",
                      "noWrap": "MuiTypography-noWrap",
                      "overline": "MuiTypography-overline",
                      "paragraph": "MuiTypography-paragraph",
                      "root": "MuiTypography-root WithStyles(ForwardRef(Typography))-root-62",
                      "srOnly": "MuiTypography-srOnly",
                      "subtitle1": "MuiTypography-subtitle1",
                      "subtitle2": "MuiTypography-subtitle2",
                    }
                  }
                >
                  <p
                    className="MuiTypography-root WithStyles(ForwardRef(Typography))-root-62 MuiTypography-body1"
                  >
                        SELECT 0 AS num UNION ALL
                  </p>
                </ForwardRef(Typography)>
              </WithStyles(ForwardRef(Typography))>
            </WithStyles(WithStyles(ForwardRef(Typography)))>
            <WithStyles(WithStyles(ForwardRef(Typography)))
              className=""
              key="4"
            >
              <WithStyles(ForwardRef(Typography))
                className=""
                classes={
                  Object {
                    "root": "WithStyles(ForwardRef(Typography))-root-62",
                  }
                }
              >
                <ForwardRef(Typography)
                  className=""
                  classes={
                    Object {
                      "alignCenter": "MuiTypography-alignCenter",
                      "alignJustify": "MuiTypography-alignJustify",
                      "alignLeft": "MuiTypography-alignLeft",
                      "alignRight": "MuiTypography-alignRight",
                      "body1": "MuiTypography-body1",
                      "body2": "MuiTypography-body2",
                      "button": "MuiTypography-button",
                      "caption": "MuiTypography-caption",
                      "colorError": "MuiTypography-colorError",
                      "colorInherit": "MuiTypography-colorInherit",
                      "colorPrimary": "MuiTypography-colorPrimary",
                      "colorSecondary": "MuiTypography-colorSecondary",
                      "colorTextPrimary": "MuiTypography-colorTextPrimary",
                      "colorTextSecondary": "MuiTypography-colorTextSecondary",
                      "displayBlock": "MuiTypography-displayBlock",
                      "displayInline": "MuiTypography-displayInline",
                      "gutterBottom": "MuiTypography-gutterBottom",
                      "h1": "MuiTypography-h1",
                      "h2": "MuiTypography-h2",
                      "h3": "MuiTypography-h3",
                      "h4": "MuiTypography-h4",
                      "h5": "MuiTypography-h5",
                      "h6": "MuiTypography-h6",
                      "noWrap": "MuiTypography-noWrap",
                      "overline": "MuiTypography-overline",
                      "paragraph": "MuiTypography-paragraph",
                      "root": "MuiTypography-root WithStyles(ForwardRef(Typography))-root-62",
                      "srOnly": "MuiTypography-srOnly",
                      "subtitle1": "MuiTypography-subtitle1",
                      "subtitle2": "MuiTypography-subtitle2",
                    }
                  }
                >
                  <p
                    className="MuiTypography-root WithStyles(ForwardRef(Typography))-root-62 MuiTypography-body1"
                  >
                        SELECT 1 UNION ALL
                  </p>
                </ForwardRef(Typography)>
              </WithStyles(ForwardRef(Typography))>
            </WithStyles(WithStyles(ForwardRef(Typography)))>
            <WithStyles(WithStyles(ForwardRef(Typography)))
              className=""
              key="5"
            >
              <WithStyles(ForwardRef(Typography))
                className=""
                classes={
                  Object {
                    "root": "WithStyles(ForwardRef(Typography))-root-62",
                  }
                }
              >
                <ForwardRef(Typography)
                  className=""
                  classes={
                    Object {
                      "alignCenter": "MuiTypography-alignCenter",
                      "alignJustify": "MuiTypography-alignJustify",
                      "alignLeft": "MuiTypography-alignLeft",
                      "alignRight": "MuiTypography-alignRight",
                      "body1": "MuiTypography-body1",
                      "body2": "MuiTypography-body2",
                      "button": "MuiTypography-button",
                      "caption": "MuiTypography-caption",
                      "colorError": "MuiTypography-colorError",
                      "colorInherit": "MuiTypography-colorInherit",
                      "colorPrimary": "MuiTypography-colorPrimary",
                      "colorSecondary": "MuiTypography-colorSecondary",
                      "colorTextPrimary": "MuiTypography-colorTextPrimary",
                      "colorTextSecondary": "MuiTypography-colorTextSecondary",
                      "displayBlock": "MuiTypography-displayBlock",
                      "displayInline": "MuiTypography-displayInline",
                      "gutterBottom": "MuiTypography-gutterBottom",
                      "h1": "MuiTypography-h1",
                      "h2": "MuiTypography-h2",
                      "h3": "MuiTypography-h3",
                      "h4": "MuiTypography-h4",
                      "h5": "MuiTypography-h5",
                      "h6": "MuiTypography-h6",
                      "noWrap": "MuiTypography-noWrap",
                      "overline": "MuiTypography-overline",
                      "paragraph": "MuiTypography-paragraph",
                      "root": "MuiTypography-root WithStyles(ForwardRef(Typography))-root-62",
                      "srOnly": "MuiTypography-srOnly",
                      "subtitle1": "MuiTypography-subtitle1",
                      "subtitle2": "MuiTypography-subtitle2",
                    }
                  }
                >
                  <p
                    className="MuiTypography-root WithStyles(ForwardRef(Typography))-root-62 MuiTypography-body1"
                  >
                        SELECT 2 UNION ALL
                  </p>
                </ForwardRef(Typography)>
              </WithStyles(ForwardRef(Typography))>
            </WithStyles(WithStyles(ForwardRef(Typography)))>
            <WithStyles(WithStyles(ForwardRef(Typography)))
              className=""
              key="6"
            >
              <WithStyles(ForwardRef(Typography))
                className=""
                classes={
                  Object {
                    "root": "WithStyles(ForwardRef(Typography))-root-62",
                  }
                }
              >
                <ForwardRef(Typography)
                  className=""
                  classes={
                    Object {
                      "alignCenter": "MuiTypography-alignCenter",
                      "alignJustify": "MuiTypography-alignJustify",
                      "alignLeft": "MuiTypography-alignLeft",
                      "alignRight": "MuiTypography-alignRight",
                      "body1": "MuiTypography-body1",
                      "body2": "MuiTypography-body2",
                      "button": "MuiTypography-button",
                      "caption": "MuiTypography-caption",
                      "colorError": "MuiTypography-colorError",
                      "colorInherit": "MuiTypography-colorInherit",
                      "colorPrimary": "MuiTypography-colorPrimary",
                      "colorSecondary": "MuiTypography-colorSecondary",
                      "colorTextPrimary": "MuiTypography-colorTextPrimary",
                      "colorTextSecondary": "MuiTypography-colorTextSecondary",
                      "displayBlock": "MuiTypography-displayBlock",
                      "displayInline": "MuiTypography-displayInline",
                      "gutterBottom": "MuiTypography-gutterBottom",
                      "h1": "MuiTypography-h1",
                      "h2": "MuiTypography-h2",
                      "h3": "MuiTypography-h3",
                      "h4": "MuiTypography-h4",
                      "h5": "MuiTypography-h5",
                      "h6": "MuiTypography-h6",
                      "noWrap": "MuiTypography-noWrap",
                      "overline": "MuiTypography-overline",
                      "paragraph": "MuiTypography-paragraph",
                      "root": "MuiTypography-root WithStyles(ForwardRef(Typography))-root-62",
                      "srOnly": "MuiTypography-srOnly",
                      "subtitle1": "MuiTypography-subtitle1",
                      "subtitle2": "MuiTypography-subtitle2",
                    }
                  }
                >
                  <p
                    className="MuiTypography-root WithStyles(ForwardRef(Typography))-root-62 MuiTypography-body1"
                  >
                        SELECT 3 UNION ALL
                  </p>
                </ForwardRef(Typography)>
              </WithStyles(ForwardRef(Typography))>
            </WithStyles(WithStyles(ForwardRef(Typography)))>
            <WithStyles(WithStyles(ForwardRef(Typography)))
              className=""
              key="7"
            >
              <WithStyles(ForwardRef(Typography))
                className=""
                classes={
                  Object {
                    "root": "WithStyles(ForwardRef(Typography))-root-62",
                  }
                }
              >
                <ForwardRef(Typography)
                  className=""
                  classes={
                    Object {
                      "alignCenter": "MuiTypography-alignCenter",
                      "alignJustify": "MuiTypography-alignJustify",
                      "alignLeft": "MuiTypography-alignLeft",
                      "alignRight": "MuiTypography-alignRight",
                      "body1": "MuiTypography-body1",
                      "body2": "MuiTypography-body2",
                      "button": "MuiTypography-button",
                      "caption": "MuiTypography-caption",
                      "colorError": "MuiTypography-colorError",
                      "colorInherit": "MuiTypography-colorInherit",
                      "colorPrimary": "MuiTypography-colorPrimary",
                      "colorSecondary": "MuiTypography-colorSecondary",
                      "colorTextPrimary": "MuiTypography-colorTextPrimary",
                      "colorTextSecondary": "MuiTypography-colorTextSecondary",
                      "displayBlock": "MuiTypography-displayBlock",
                      "displayInline": "MuiTypography-displayInline",
                      "gutterBottom": "MuiTypography-gutterBottom",
                      "h1": "MuiTypography-h1",
                      "h2": "MuiTypography-h2",
                      "h3": "MuiTypography-h3",
                      "h4": "MuiTypography-h4",
                      "h5": "MuiTypography-h5",
                      "h6": "MuiTypography-h6",
                      "noWrap": "MuiTypography-noWrap",
                      "overline": "MuiTypography-overline",
                      "paragraph": "MuiTypography-paragraph",
                      "root": "MuiTypography-root WithStyles(ForwardRef(Typography))-root-62",
                      "srOnly": "MuiTypography-srOnly",
                      "subtitle1": "MuiTypography-subtitle1",
                      "subtitle2": "MuiTypography-subtitle2",
                    }
                  }
                >
                  <p
                    className="MuiTypography-root WithStyles(ForwardRef(Typography))-root-62 MuiTypography-body1"
                  >
                        SELECT 4 UNION ALL
                  </p>
                </ForwardRef(Typography)>
              </WithStyles(ForwardRef(Typography))>
            </WithStyles(WithStyles(ForwardRef(Typography)))>
            <WithStyles(WithStyles(ForwardRef(Typography)))
              className=""
              key="8"
            >
              <WithStyles(ForwardRef(Typography))
                className=""
                classes={
                  Object {
                    "root": "WithStyles(ForwardRef(Typography))-root-62",
                  }
                }
              >
                <ForwardRef(Typography)
                  className=""
                  classes={
                    Object {
                      "alignCenter": "MuiTypography-alignCenter",
                      "alignJustify": "MuiTypography-alignJustify",
                      "alignLeft": "MuiTypography-alignLeft",
                      "alignRight": "MuiTypography-alignRight",
                      "body1": "MuiTypography-body1",
                      "body2": "MuiTypography-body2",
                      "button": "MuiTypography-button",
                      "caption": "MuiTypography-caption",
                      "colorError": "MuiTypography-colorError",
                      "colorInherit": "MuiTypography-colorInherit",
                      "colorPrimary": "MuiTypography-colorPrimary",
                      "colorSecondary": "MuiTypography-colorSecondary",
                      "colorTextPrimary": "MuiTypography-colorTextPrimary",
                      "colorTextSecondary": "MuiTypography-colorTextSecondary",
                      "displayBlock": "MuiTypography-displayBlock",
                      "displayInline": "MuiTypography-displayInline",
                      "gutterBottom": "MuiTypography-gutterBottom",
                      "h1": "MuiTypography-h1",
                      "h2": "MuiTypography-h2",
                      "h3": "MuiTypography-h3",
                      "h4": "MuiTypography-h4",
                      "h5": "MuiTypography-h5",
                      "h6": "MuiTypography-h6",
                      "noWrap": "MuiTypography-noWrap",
                      "overline": "MuiTypography-overline",
                      "paragraph": "MuiTypography-paragraph",
                      "root": "MuiTypography-root WithStyles(ForwardRef(Typography))-root-62",
                      "srOnly": "MuiTypography-srOnly",
                      "subtitle1": "MuiTypography-subtitle1",
                      "subtitle2": "MuiTypography-subtitle2",
                    }
                  }
                >
                  <p
                    className="MuiTypography-root WithStyles(ForwardRef(Typography))-root-62 MuiTypography-body1"
                  >
                        SELECT 5 UNION ALL
                  </p>
                </ForwardRef(Typography)>
              </WithStyles(ForwardRef(Typography))>
            </WithStyles(WithStyles(ForwardRef(Typography)))>
            <WithStyles(WithStyles(ForwardRef(Typography)))
              className=""
              key="9"
            >
              <WithStyles(ForwardRef(Typography))
                className=""
                classes={
                  Object {
                    "root": "WithStyles(ForwardRef(Typography))-root-62",
                  }
                }
              >
                <ForwardRef(Typography)
                  className=""
                  classes={
                    Object {
                      "alignCenter": "MuiTypography-alignCenter",
                      "alignJustify": "MuiTypography-alignJustify",
                      "alignLeft": "MuiTypography-alignLeft",
                      "alignRight": "MuiTypography-alignRight",
                      "body1": "MuiTypography-body1",
                      "body2": "MuiTypography-body2",
                      "button": "MuiTypography-button",
                      "caption": "MuiTypography-caption",
                      "colorError": "MuiTypography-colorError",
                      "colorInherit": "MuiTypography-colorInherit",
                      "colorPrimary": "MuiTypography-colorPrimary",
                      "colorSecondary": "MuiTypography-colorSecondary",
                      "colorTextPrimary": "MuiTypography-colorTextPrimary",
                      "colorTextSecondary": "MuiTypography-colorTextSecondary",
                      "displayBlock": "MuiTypography-displayBlock",
                      "displayInline": "MuiTypography-displayInline",
                      "gutterBottom": "MuiTypography-gutterBottom",
                      "h1": "MuiTypography-h1",
                      "h2": "MuiTypography-h2",
                      "h3": "MuiTypography-h3",
                      "h4": "MuiTypography-h4",
                      "h5": "MuiTypography-h5",
                      "h6": "MuiTypography-h6",
                      "noWrap": "MuiTypography-noWrap",
                      "overline": "MuiTypography-overline",
                      "paragraph": "MuiTypography-paragraph",
                      "root": "MuiTypography-root WithStyles(ForwardRef(Typography))-root-62",
                      "srOnly": "MuiTypography-srOnly",
                      "subtitle1": "MuiTypography-subtitle1",
                      "subtitle2": "MuiTypography-subtitle2",
                    }
                  }
                >
                  <p
                    className="MuiTypography-root WithStyles(ForwardRef(Typography))-root-62 MuiTypography-body1"
                  >
                        SELECT 6 UNION ALL
                  </p>
                </ForwardRef(Typography)>
              </WithStyles(ForwardRef(Typography))>
            </WithStyles(WithStyles(ForwardRef(Typography)))>
            <WithStyles(WithStyles(ForwardRef(Typography)))
              className=""
              key="10"
            >
              <WithStyles(ForwardRef(Typography))
                className=""
                classes={
                  Object {
                    "root": "WithStyles(ForwardRef(Typography))-root-62",
                  }
                }
              >
                <ForwardRef(Typography)
                  className=""
                  classes={
                    Object {
                      "alignCenter": "MuiTypography-alignCenter",
                      "alignJustify": "MuiTypography-alignJustify",
                      "alignLeft": "MuiTypography-alignLeft",
                      "alignRight": "MuiTypography-alignRight",
                      "body1": "MuiTypography-body1",
                      "body2": "MuiTypography-body2",
                      "button": "MuiTypography-button",
                      "caption": "MuiTypography-caption",
                      "colorError": "MuiTypography-colorError",
                      "colorInherit": "MuiTypography-colorInherit",
                      "colorPrimary": "MuiTypography-colorPrimary",
                      "colorSecondary": "MuiTypography-colorSecondary",
                      "colorTextPrimary": "MuiTypography-colorTextPrimary",
                      "colorTextSecondary": "MuiTypography-colorTextSecondary",
                      "displayBlock": "MuiTypography-displayBlock",
                      "displayInline": "MuiTypography-displayInline",
                      "gutterBottom": "MuiTypography-gutterBottom",
                      "h1": "MuiTypography-h1",
                      "h2": "MuiTypography-h2",
                      "h3": "MuiTypography-h3",
                      "h4": "MuiTypography-h4",
                      "h5": "MuiTypography-h5",
                      "h6": "MuiTypography-h6",
                      "noWrap": "MuiTypography-noWrap",
                      "overline": "MuiTypography-overline",
                      "paragraph": "MuiTypography-paragraph",
                      "root": "MuiTypography-root WithStyles(ForwardRef(Typography))-root-62",
                      "srOnly": "MuiTypography-srOnly",
                      "subtitle1": "MuiTypography-subtitle1",
                      "subtitle2": "MuiTypography-subtitle2",
                    }
                  }
                >
                  <p
                    className="MuiTypography-root WithStyles(ForwardRef(Typography))-root-62 MuiTypography-body1"
                  >
                        SELECT 7 UNION ALL
                  </p>
                </ForwardRef(Typography)>
              </WithStyles(ForwardRef(Typography))>
            </WithStyles(WithStyles(ForwardRef(Typography)))>
            <WithStyles(WithStyles(ForwardRef(Typography)))
              className=""
              key="11"
            >
              <WithStyles(ForwardRef(Typography))
                className=""
                classes={
                  Object {
                    "root": "WithStyles(ForwardRef(Typography))-root-62",
                  }
                }
              >
                <ForwardRef(Typography)
                  className=""
                  classes={
                    Object {
                      "alignCenter": "MuiTypography-alignCenter",
                      "alignJustify": "MuiTypography-alignJustify",
                      "alignLeft": "MuiTypography-alignLeft",
                      "alignRight": "MuiTypography-alignRight",
                      "body1": "MuiTypography-body1",
                      "body2": "MuiTypography-body2",
                      "button": "MuiTypography-button",
                      "caption": "MuiTypography-caption",
                      "colorError": "MuiTypography-colorError",
                      "colorInherit": "MuiTypography-colorInherit",
                      "colorPrimary": "MuiTypography-colorPrimary",
                      "colorSecondary": "MuiTypography-colorSecondary",
                      "colorTextPrimary": "MuiTypography-colorTextPrimary",
                      "colorTextSecondary": "MuiTypography-colorTextSecondary",
                      "displayBlock": "MuiTypography-displayBlock",
                      "displayInline": "MuiTypography-displayInline",
                      "gutterBottom": "MuiTypography-gutterBottom",
                      "h1": "MuiTypography-h1",
                      "h2": "MuiTypography-h2",
                      "h3": "MuiTypography-h3",
                      "h4": "MuiTypography-h4",
                      "h5": "MuiTypography-h5",
                      "h6": "MuiTypography-h6",
                      "noWrap": "MuiTypography-noWrap",
                      "overline": "MuiTypography-overline",
                      "paragraph": "MuiTypography-paragraph",
                      "root": "MuiTypography-root WithStyles(ForwardRef(Typography))-root-62",
                      "srOnly": "MuiTypography-srOnly",
                      "subtitle1": "MuiTypography-subtitle1",
                      "subtitle2": "MuiTypography-subtitle2",
                    }
                  }
                >
                  <p
                    className="MuiTypography-root WithStyles(ForwardRef(Typography))-root-62 MuiTypography-body1"
                  >
                        SELECT 8 UNION ALL
                  </p>
                </ForwardRef(Typography)>
              </WithStyles(ForwardRef(Typography))>
            </WithStyles(WithStyles(ForwardRef(Typography)))>
            <WithStyles(WithStyles(ForwardRef(Typography)))
              className=""
              key="12"
            >
              <WithStyles(ForwardRef(Typography))
                className=""
                classes={
                  Object {
                    "root": "WithStyles(ForwardRef(Typography))-root-62",
                  }
                }
              >
                <ForwardRef(Typography)
                  className=""
                  classes={
                    Object {
                      "alignCenter": "MuiTypography-alignCenter",
                      "alignJustify": "MuiTypography-alignJustify",
                      "alignLeft": "MuiTypography-alignLeft",
                      "alignRight": "MuiTypography-alignRight",
                      "body1": "MuiTypography-body1",
                      "body2": "MuiTypography-body2",
                      "button": "MuiTypography-button",
                      "caption": "MuiTypography-caption",
                      "colorError": "MuiTypography-colorError",
                      "colorInherit": "MuiTypography-colorInherit",
                      "colorPrimary": "MuiTypography-colorPrimary",
                      "colorSecondary": "MuiTypography-colorSecondary",
                      "colorTextPrimary": "MuiTypography-colorTextPrimary",
                      "colorTextSecondary": "MuiTypography-colorTextSecondary",
                      "displayBlock": "MuiTypography-displayBlock",
                      "displayInline": "MuiTypography-displayInline",
                      "gutterBottom": "MuiTypography-gutterBottom",
                      "h1": "MuiTypography-h1",
                      "h2": "MuiTypography-h2",
                      "h3": "MuiTypography-h3",
                      "h4": "MuiTypography-h4",
                      "h5": "MuiTypography-h5",
                      "h6": "MuiTypography-h6",
                      "noWrap": "MuiTypography-noWrap",
                      "overline": "MuiTypography-overline",
                      "paragraph": "MuiTypography-paragraph",
                      "root": "MuiTypography-root WithStyles(ForwardRef(Typography))-root-62",
                      "srOnly": "MuiTypography-srOnly",
                      "subtitle1": "MuiTypography-subtitle1",
                      "subtitle2": "MuiTypography-subtitle2",
                    }
                  }
                >
                  <p
                    className="MuiTypography-root WithStyles(ForwardRef(Typography))-root-62 MuiTypography-body1"
                  >
                        SELECT 9
                  </p>
                </ForwardRef(Typography)>
              </WithStyles(ForwardRef(Typography))>
            </WithStyles(WithStyles(ForwardRef(Typography)))>
            <WithStyles(WithStyles(ForwardRef(Typography)))
              className=""
              key="13"
            >
              <WithStyles(ForwardRef(Typography))
                className=""
                classes={
                  Object {
                    "root": "WithStyles(ForwardRef(Typography))-root-62",
                  }
                }
              >
                <ForwardRef(Typography)
                  className=""
                  classes={
                    Object {
                      "alignCenter": "MuiTypography-alignCenter",
                      "alignJustify": "MuiTypography-alignJustify",
                      "alignLeft": "MuiTypography-alignLeft",
                      "alignRight": "MuiTypography-alignRight",
                      "body1": "MuiTypography-body1",
                      "body2": "MuiTypography-body2",
                      "button": "MuiTypography-button",
                      "caption": "MuiTypography-caption",
                      "colorError": "MuiTypography-colorError",
                      "colorInherit": "MuiTypography-colorInherit",
                      "colorPrimary": "MuiTypography-colorPrimary",
                      "colorSecondary": "MuiTypography-colorSecondary",
                      "colorTextPrimary": "MuiTypography-colorTextPrimary",
                      "colorTextSecondary": "MuiTypography-colorTextSecondary",
                      "displayBlock": "MuiTypography-displayBlock",
                      "displayInline": "MuiTypography-displayInline",
                      "gutterBottom": "MuiTypography-gutterBottom",
                      "h1": "MuiTypography-h1",
                      "h2": "MuiTypography-h2",
                      "h3": "MuiTypography-h3",
                      "h4": "MuiTypography-h4",
                      "h5": "MuiTypography-h5",
                      "h6": "MuiTypography-h6",
                      "noWrap": "MuiTypography-noWrap",
                      "overline": "MuiTypography-overline",
                      "paragraph": "MuiTypography-paragraph",
                      "root": "MuiTypography-root WithStyles(ForwardRef(Typography))-root-62",
                      "srOnly": "MuiTypography-srOnly",
                      "subtitle1": "MuiTypography-subtitle1",
                      "subtitle2": "MuiTypography-subtitle2",
                    }
                  }
                >
                  <p
                    className="MuiTypography-root WithStyles(ForwardRef(Typography))-root-62 MuiTypography-body1"
                  >
                    )
                  </p>
                </ForwardRef(Typography)>
              </WithStyles(ForwardRef(Typography))>
            </WithStyles(WithStyles(ForwardRef(Typography)))>
            <WithStyles(WithStyles(ForwardRef(Typography)))
              className=""
              key="14"
            >
              <WithStyles(ForwardRef(Typography))
                className=""
                classes={
                  Object {
                    "root": "WithStyles(ForwardRef(Typography))-root-62",
                  }
                }
              >
                <ForwardRef(Typography)
                  className=""
                  classes={
                    Object {
                      "alignCenter": "MuiTypography-alignCenter",
                      "alignJustify": "MuiTypography-alignJustify",
                      "alignLeft": "MuiTypography-alignLeft",
                      "alignRight": "MuiTypography-alignRight",
                      "body1": "MuiTypography-body1",
                      "body2": "MuiTypography-body2",
                      "button": "MuiTypography-button",
                      "caption": "MuiTypography-caption",
                      "colorError": "MuiTypography-colorError",
                      "colorInherit": "MuiTypography-colorInherit",
                      "colorPrimary": "MuiTypography-colorPrimary",
                      "colorSecondary": "MuiTypography-colorSecondary",
                      "colorTextPrimary": "MuiTypography-colorTextPrimary",
                      "colorTextSecondary": "MuiTypography-colorTextSecondary",
                      "displayBlock": "MuiTypography-displayBlock",
                      "displayInline": "MuiTypography-displayInline",
                      "gutterBottom": "MuiTypography-gutterBottom",
                      "h1": "MuiTypography-h1",
                      "h2": "MuiTypography-h2",
                      "h3": "MuiTypography-h3",
                      "h4": "MuiTypography-h4",
                      "h5": "MuiTypography-h5",
                      "h6": "MuiTypography-h6",
                      "noWrap": "MuiTypography-noWrap",
                      "overline": "MuiTypography-overline",
                      "paragraph": "MuiTypography-paragraph",
                      "root": "MuiTypography-root WithStyles(ForwardRef(Typography))-root-62",
                      "srOnly": "MuiTypography-srOnly",
                      "subtitle1": "MuiTypography-subtitle1",
                      "subtitle2": "MuiTypography-subtitle2",
                    }
                  }
                >
                  <p
                    className="MuiTypography-root WithStyles(ForwardRef(Typography))-root-62 MuiTypography-body1"
                  />
                </ForwardRef(Typography)>
              </WithStyles(ForwardRef(Typography))>
            </WithStyles(WithStyles(ForwardRef(Typography)))>
            <WithStyles(WithStyles(ForwardRef(Typography)))
              className=""
              key="15"
            >
              <WithStyles(ForwardRef(Typography))
                className=""
                classes={
                  Object {
                    "root": "WithStyles(ForwardRef(Typography))-root-62",
                  }
                }
              >
                <ForwardRef(Typography)
                  className=""
                  classes={
                    Object {
                      "alignCenter": "MuiTypography-alignCenter",
                      "alignJustify": "MuiTypography-alignJustify",
                      "alignLeft": "MuiTypography-alignLeft",
                      "alignRight": "MuiTypography-alignRight",
                      "body1": "MuiTypography-body1",
                      "body2": "MuiTypography-body2",
                      "button": "MuiTypography-button",
                      "caption": "MuiTypography-caption",
                      "colorError": "MuiTypography-colorError",
                      "colorInherit": "MuiTypography-colorInherit",
                      "colorPrimary": "MuiTypography-colorPrimary",
                      "colorSecondary": "MuiTypography-colorSecondary",
                      "colorTextPrimary": "MuiTypography-colorTextPrimary",
                      "colorTextSecondary": "MuiTypography-colorTextSecondary",
                      "displayBlock": "MuiTypography-displayBlock",
                      "displayInline": "MuiTypography-displayInline",
                      "gutterBottom": "MuiTypography-gutterBottom",
                      "h1": "MuiTypography-h1",
                      "h2": "MuiTypography-h2",
                      "h3": "MuiTypography-h3",
                      "h4": "MuiTypography-h4",
                      "h5": "MuiTypography-h5",
                      "h6": "MuiTypography-h6",
                      "noWrap": "MuiTypography-noWrap",
                      "overline": "MuiTypography-overline",
                      "paragraph": "MuiTypography-paragraph",
                      "root": "MuiTypography-root WithStyles(ForwardRef(Typography))-root-62",
                      "srOnly": "MuiTypography-srOnly",
                      "subtitle1": "MuiTypography-subtitle1",
                      "subtitle2": "MuiTypography-subtitle2",
                    }
                  }
                >
                  <p
                    className="MuiTypography-root WithStyles(ForwardRef(Typography))-root-62 MuiTypography-body1"
                  >
                    , numbers_100 AS
                  </p>
                </ForwardRef(Typography)>
              </WithStyles(ForwardRef(Typography))>
            </WithStyles(WithStyles(ForwardRef(Typography)))>
            <WithStyles(WithStyles(ForwardRef(Typography)))
              className=""
              key="16"
            >
              <WithStyles(ForwardRef(Typography))
                className=""
                classes={
                  Object {
                    "root": "WithStyles(ForwardRef(Typography))-root-62",
                  }
                }
              >
                <ForwardRef(Typography)
                  className=""
                  classes={
                    Object {
                      "alignCenter": "MuiTypography-alignCenter",
                      "alignJustify": "MuiTypography-alignJustify",
                      "alignLeft": "MuiTypography-alignLeft",
                      "alignRight": "MuiTypography-alignRight",
                      "body1": "MuiTypography-body1",
                      "body2": "MuiTypography-body2",
                      "button": "MuiTypography-button",
                      "caption": "MuiTypography-caption",
                      "colorError": "MuiTypography-colorError",
                      "colorInherit": "MuiTypography-colorInherit",
                      "colorPrimary": "MuiTypography-colorPrimary",
                      "colorSecondary": "MuiTypography-colorSecondary",
                      "colorTextPrimary": "MuiTypography-colorTextPrimary",
                      "colorTextSecondary": "MuiTypography-colorTextSecondary",
                      "displayBlock": "MuiTypography-displayBlock",
                      "displayInline": "MuiTypography-displayInline",
                      "gutterBottom": "MuiTypography-gutterBottom",
                      "h1": "MuiTypography-h1",
                      "h2": "MuiTypography-h2",
                      "h3": "MuiTypography-h3",
                      "h4": "MuiTypography-h4",
                      "h5": "MuiTypography-h5",
                      "h6": "MuiTypography-h6",
                      "noWrap": "MuiTypography-noWrap",
                      "overline": "MuiTypography-overline",
                      "paragraph": "MuiTypography-paragraph",
                      "root": "MuiTypography-root WithStyles(ForwardRef(Typography))-root-62",
                      "srOnly": "MuiTypography-srOnly",
                      "subtitle1": "MuiTypography-subtitle1",
                      "subtitle2": "MuiTypography-subtitle2",
                    }
                  }
                >
                  <p
                    className="MuiTypography-root WithStyles(ForwardRef(Typography))-root-62 MuiTypography-body1"
                  >
                    (
                  </p>
                </ForwardRef(Typography)>
              </WithStyles(ForwardRef(Typography))>
            </WithStyles(WithStyles(ForwardRef(Typography)))>
            <WithStyles(WithStyles(ForwardRef(Typography)))
              className=""
              key="17"
            >
              <WithStyles(ForwardRef(Typography))
                className=""
                classes={
                  Object {
                    "root": "WithStyles(ForwardRef(Typography))-root-62",
                  }
                }
              >
                <ForwardRef(Typography)
                  className=""
                  classes={
                    Object {
                      "alignCenter": "MuiTypography-alignCenter",
                      "alignJustify": "MuiTypography-alignJustify",
                      "alignLeft": "MuiTypography-alignLeft",
                      "alignRight": "MuiTypography-alignRight",
                      "body1": "MuiTypography-body1",
                      "body2": "MuiTypography-body2",
                      "button": "MuiTypography-button",
                      "caption": "MuiTypography-caption",
                      "colorError": "MuiTypography-colorError",
                      "colorInherit": "MuiTypography-colorInherit",
                      "colorPrimary": "MuiTypography-colorPrimary",
                      "colorSecondary": "MuiTypography-colorSecondary",
                      "colorTextPrimary": "MuiTypography-colorTextPrimary",
                      "colorTextSecondary": "MuiTypography-colorTextSecondary",
                      "displayBlock": "MuiTypography-displayBlock",
                      "displayInline": "MuiTypography-displayInline",
                      "gutterBottom": "MuiTypography-gutterBottom",
                      "h1": "MuiTypography-h1",
                      "h2": "MuiTypography-h2",
                      "h3": "MuiTypography-h3",
                      "h4": "MuiTypography-h4",
                      "h5": "MuiTypography-h5",
                      "h6": "MuiTypography-h6",
                      "noWrap": "MuiTypography-noWrap",
                      "overline": "MuiTypography-overline",
                      "paragraph": "MuiTypography-paragraph",
                      "root": "MuiTypography-root WithStyles(ForwardRef(Typography))-root-62",
                      "srOnly": "MuiTypography-srOnly",
                      "subtitle1": "MuiTypography-subtitle1",
                      "subtitle2": "MuiTypography-subtitle2",
                    }
                  }
                >
                  <p
                    className="MuiTypography-root WithStyles(ForwardRef(Typography))-root-62 MuiTypography-body1"
                  >
                       FROM the_whole_flippin_universe
                  </p>
                </ForwardRef(Typography)>
              </WithStyles(ForwardRef(Typography))>
            </WithStyles(WithStyles(ForwardRef(Typography)))>
          </div>
        </Styled(MuiBox)>
        <WithStyles(ForwardRef(Typography))
          align="right"
          className="JobDetailPage-lastUpdated-3"
        >
          <ForwardRef(Typography)
            align="right"
            className="JobDetailPage-lastUpdated-3"
            classes={
              Object {
                "alignCenter": "MuiTypography-alignCenter",
                "alignJustify": "MuiTypography-alignJustify",
                "alignLeft": "MuiTypography-alignLeft",
                "alignRight": "MuiTypography-alignRight",
                "body1": "MuiTypography-body1",
                "body2": "MuiTypography-body2",
                "button": "MuiTypography-button",
                "caption": "MuiTypography-caption",
                "colorError": "MuiTypography-colorError",
                "colorInherit": "MuiTypography-colorInherit",
                "colorPrimary": "MuiTypography-colorPrimary",
                "colorSecondary": "MuiTypography-colorSecondary",
                "colorTextPrimary": "MuiTypography-colorTextPrimary",
                "colorTextSecondary": "MuiTypography-colorTextSecondary",
                "displayBlock": "MuiTypography-displayBlock",
                "displayInline": "MuiTypography-displayInline",
                "gutterBottom": "MuiTypography-gutterBottom",
                "h1": "MuiTypography-h1",
                "h2": "MuiTypography-h2",
                "h3": "MuiTypography-h3",
                "h4": "MuiTypography-h4",
                "h5": "MuiTypography-h5",
                "h6": "MuiTypography-h6",
                "noWrap": "MuiTypography-noWrap",
                "overline": "MuiTypography-overline",
                "paragraph": "MuiTypography-paragraph",
                "root": "MuiTypography-root",
                "srOnly": "MuiTypography-srOnly",
                "subtitle1": "MuiTypography-subtitle1",
                "subtitle2": "MuiTypography-subtitle2",
              }
            }
          >
            <p
              className="MuiTypography-root JobDetailPage-lastUpdated-3 MuiTypography-body1 MuiTypography-alignRight"
            />
          </ForwardRef(Typography)>
        </WithStyles(ForwardRef(Typography))>
      </div>
    </Styled(MuiBox)>
  </JobDetailPage>
</WithStyles(JobDetailPage)>
`;
