// Jest Snapshot v1, https://goo.gl/fbAQLP

exports[`NetworkGraph Component renders a snapshot that matches previous 1`] = `
<WithStyles(NetworkGraph)
  datasets={
    Array [
      Object {
        "description": "describes different geometries in the galaxy",
        "name": "galaxy.geometry",
        "namespace": "galactic-data",
        "physicalName": "galaxy.geometry",
        "sourceName": "redshift",
        "type": "DB_TABLE",
      },
      Object {
        "description": "describes all possible dimensions in the galaxy",
        "name": "galaxy.dimensions",
        "namespace": "galactic-data",
        "physicalName": "galaxy.dimensions",
        "sourceName": "redshift",
        "type": "DB_TABLE",
      },
      Object {
        "description": "all trips taken through the galaxy",
        "name": "galaxy.trips",
        "namespace": "galactic-data",
        "physicalName": "galaxy.trips",
        "sourceName": "redshift",
        "type": "DB_TABLE",
      },
      Object {
        "description": "describes all possible dimensions on earth",
        "name": "earth.dimensions",
        "namespace": "galactic-data",
        "physicalName": "earth.dimensions",
        "sourceName": "redshift",
        "type": "DB_TABLE",
      },
      Object {
        "description": "describes all possible trips taken on earth",
        "name": "earth.trips",
        "namespace": "galactic-data",
        "physicalName": "earth.trips",
        "sourceName": "redshift",
        "type": "DB_TABLE",
      },
      Object {
        "description": "describes all stars in the galaxy",
        "name": "objects.stars",
        "namespace": "galactic-data",
        "physicalName": "objects.stars",
        "sourceName": "redshift",
        "type": "DB_TABLE",
      },
      Object {
        "description": "describes all planets in the galaxy",
        "name": "objects.planets",
        "namespace": "galactic-data",
        "physicalName": "objects.planets",
        "sourceName": "redshift",
        "type": "DB_TABLE",
      },
      Object {
        "description": "describes all life",
        "name": "objects.life",
        "namespace": "galactic-data",
        "physicalName": "objects.life",
        "sourceName": "redshift",
        "type": "DB_TABLE",
      },
      Object {
        "description": "describes the entire universe",
        "name": "environment.universe",
        "namespace": "galactic-data",
        "physicalName": "environment.universe",
        "sourceName": "redshift",
        "type": "DB_TABLE",
      },
      Object {
        "description": "describes all radiowaves",
        "name": "galaxy.radiowaves",
        "namespace": "galactic-data",
        "physicalName": "galaxy.radiowaves",
        "sourceName": "redshift",
        "type": "DB_TABLE",
      },
      Object {
        "description": "describes all satellites",
        "name": "galaxy.satellites",
        "namespace": "galactic-data",
        "physicalName": "galaxy.satellites",
        "sourceName": "redshift",
        "type": "DB_TABLE",
      },
      Object {
        "description": "describes all conversations in the galaxy",
        "name": "environment.conversations",
        "namespace": "galactic-data",
        "physicalName": "environment.conversations",
        "sourceName": "redshift",
        "type": "DB_TABLE",
      },
      Object {
        "description": "describes all transcripts in the galaxy",
        "name": "environment.transcripts",
        "namespace": "galactic-data",
        "physicalName": "environment.transcripts",
        "sourceName": "redshift",
        "type": "DB_TABLE",
      },
      Object {
        "description": "this dataset is never used by a job!",
        "name": "environment.empty",
        "namespace": "galactic-data",
        "physicalName": "environment.empty",
        "sourceName": "redshift",
        "type": "DB_TABLE",
      },
    ]
  }
  jobs={
    Array [
      Object {
        "description": "calculates all possible dimensions from input geometry",
        "inputs": Array [
          "galaxy.geometry",
        ],
        "location": "https://github.com/Galaxy/blob/ecfc04de65137bfd25a0416d227eaba5325c8c63/calculate.galaxy_dimensions.sql",
        "name": "calculate.galaxy_dimensions",
        "namespace": "galactic-data",
        "outputs": Array [
          "galaxy.dimensions",
        ],
        "type": "BATCH",
      },
      Object {
        "description": "calculates trips taken in the galaxy",
        "inputs": Array [
          "galaxy.dimensions",
        ],
        "location": "https://github.com/Galaxy/blob/ecfc04de65137bfd25a0416d227eaba5325c8c63/calculate.galaxy_trips.sql",
        "name": "calculate.galaxy_trips",
        "namespace": "galactic-data",
        "outputs": Array [
          "galaxy.trips",
        ],
        "type": "BATCH",
      },
      Object {
        "description": "calculates the dimensions of earth",
        "inputs": Array [
          "earth.dimensions",
        ],
        "location": "https://github.com/Galaxy/blob/ecfc04de65137bfd25a0416d227eaba5325c8c63/calculate.galaxy_trips.sql",
        "name": "calculate.earth_dimensions",
        "namespace": "galactic-data",
        "outputs": Array [
          "earth.trips",
        ],
        "type": "BATCH",
      },
      Object {
        "description": "calculates the entire universe",
        "inputs": Array [
          "objects.stars",
          "objects.planets",
          "objects.life",
        ],
        "location": "https://github.com/Galaxy/blob/ecfc04de65137bfd25a0416d227eaba5325c8c63/calculate.galaxy_trips.sql",
        "name": "calculate.universe",
        "namespace": "galactic-data",
        "outputs": Array [
          "environment.universe",
        ],
        "type": "BATCH",
      },
      Object {
        "description": "calculates all communications in the galaxy",
        "inputs": Array [
          "galaxy.radiowaves",
          "galaxy.satellites",
        ],
        "location": "https://github.com/Galaxy/blob/ecfc04de65137bfd25a0416d227eaba5325c8c63/calculate.galaxy_trips.sql",
        "name": "calculate.communications",
        "namespace": "galactic-data",
        "outputs": Array [
          "environment.conversations",
          "environment.transcripts",
        ],
        "type": "BATCH",
      },
      Object {
        "description": "calculates literally nothing!",
        "inputs": Array [],
        "location": "https://github.com/Galaxy/blob/ecfc04de65137bfd25a0416d227eaba5325c8c63/calculate.galaxy_trips.sql",
        "name": "calculate.nothing",
        "namespace": "galactic-data",
        "outputs": Array [],
        "type": "BATCH",
      },
    ]
  }
>
  <NetworkGraph
    classes={
      Object {
        "legend": "NetworkGraph-legend-3",
        "networkBackground": "NetworkGraph-networkBackground-1",
        "tooltip": "NetworkGraph-tooltip-2",
      }
    }
    datasets={
      Array [
        Object {
          "description": "describes different geometries in the galaxy",
          "name": "galaxy.geometry",
          "namespace": "galactic-data",
          "physicalName": "galaxy.geometry",
          "sourceName": "redshift",
          "type": "DB_TABLE",
        },
        Object {
          "description": "describes all possible dimensions in the galaxy",
          "name": "galaxy.dimensions",
          "namespace": "galactic-data",
          "physicalName": "galaxy.dimensions",
          "sourceName": "redshift",
          "type": "DB_TABLE",
        },
        Object {
          "description": "all trips taken through the galaxy",
          "name": "galaxy.trips",
          "namespace": "galactic-data",
          "physicalName": "galaxy.trips",
          "sourceName": "redshift",
          "type": "DB_TABLE",
        },
        Object {
          "description": "describes all possible dimensions on earth",
          "name": "earth.dimensions",
          "namespace": "galactic-data",
          "physicalName": "earth.dimensions",
          "sourceName": "redshift",
          "type": "DB_TABLE",
        },
        Object {
          "description": "describes all possible trips taken on earth",
          "name": "earth.trips",
          "namespace": "galactic-data",
          "physicalName": "earth.trips",
          "sourceName": "redshift",
          "type": "DB_TABLE",
        },
        Object {
          "description": "describes all stars in the galaxy",
          "name": "objects.stars",
          "namespace": "galactic-data",
          "physicalName": "objects.stars",
          "sourceName": "redshift",
          "type": "DB_TABLE",
        },
        Object {
          "description": "describes all planets in the galaxy",
          "name": "objects.planets",
          "namespace": "galactic-data",
          "physicalName": "objects.planets",
          "sourceName": "redshift",
          "type": "DB_TABLE",
        },
        Object {
          "description": "describes all life",
          "name": "objects.life",
          "namespace": "galactic-data",
          "physicalName": "objects.life",
          "sourceName": "redshift",
          "type": "DB_TABLE",
        },
        Object {
          "description": "describes the entire universe",
          "name": "environment.universe",
          "namespace": "galactic-data",
          "physicalName": "environment.universe",
          "sourceName": "redshift",
          "type": "DB_TABLE",
        },
        Object {
          "description": "describes all radiowaves",
          "name": "galaxy.radiowaves",
          "namespace": "galactic-data",
          "physicalName": "galaxy.radiowaves",
          "sourceName": "redshift",
          "type": "DB_TABLE",
        },
        Object {
          "description": "describes all satellites",
          "name": "galaxy.satellites",
          "namespace": "galactic-data",
          "physicalName": "galaxy.satellites",
          "sourceName": "redshift",
          "type": "DB_TABLE",
        },
        Object {
          "description": "describes all conversations in the galaxy",
          "name": "environment.conversations",
          "namespace": "galactic-data",
          "physicalName": "environment.conversations",
          "sourceName": "redshift",
          "type": "DB_TABLE",
        },
        Object {
          "description": "describes all transcripts in the galaxy",
          "name": "environment.transcripts",
          "namespace": "galactic-data",
          "physicalName": "environment.transcripts",
          "sourceName": "redshift",
          "type": "DB_TABLE",
        },
        Object {
          "description": "this dataset is never used by a job!",
          "name": "environment.empty",
          "namespace": "galactic-data",
          "physicalName": "environment.empty",
          "sourceName": "redshift",
          "type": "DB_TABLE",
        },
      ]
    }
    jobs={
      Array [
        Object {
          "description": "calculates all possible dimensions from input geometry",
          "inputs": Array [
            "galaxy.geometry",
          ],
          "location": "https://github.com/Galaxy/blob/ecfc04de65137bfd25a0416d227eaba5325c8c63/calculate.galaxy_dimensions.sql",
          "name": "calculate.galaxy_dimensions",
          "namespace": "galactic-data",
          "outputs": Array [
            "galaxy.dimensions",
          ],
          "type": "BATCH",
        },
        Object {
          "description": "calculates trips taken in the galaxy",
          "inputs": Array [
            "galaxy.dimensions",
          ],
          "location": "https://github.com/Galaxy/blob/ecfc04de65137bfd25a0416d227eaba5325c8c63/calculate.galaxy_trips.sql",
          "name": "calculate.galaxy_trips",
          "namespace": "galactic-data",
          "outputs": Array [
            "galaxy.trips",
          ],
          "type": "BATCH",
        },
        Object {
          "description": "calculates the dimensions of earth",
          "inputs": Array [
            "earth.dimensions",
          ],
          "location": "https://github.com/Galaxy/blob/ecfc04de65137bfd25a0416d227eaba5325c8c63/calculate.galaxy_trips.sql",
          "name": "calculate.earth_dimensions",
          "namespace": "galactic-data",
          "outputs": Array [
            "earth.trips",
          ],
          "type": "BATCH",
        },
        Object {
          "description": "calculates the entire universe",
          "inputs": Array [
            "objects.stars",
            "objects.planets",
            "objects.life",
          ],
          "location": "https://github.com/Galaxy/blob/ecfc04de65137bfd25a0416d227eaba5325c8c63/calculate.galaxy_trips.sql",
          "name": "calculate.universe",
          "namespace": "galactic-data",
          "outputs": Array [
            "environment.universe",
          ],
          "type": "BATCH",
        },
        Object {
          "description": "calculates all communications in the galaxy",
          "inputs": Array [
            "galaxy.radiowaves",
            "galaxy.satellites",
          ],
          "location": "https://github.com/Galaxy/blob/ecfc04de65137bfd25a0416d227eaba5325c8c63/calculate.galaxy_trips.sql",
          "name": "calculate.communications",
          "namespace": "galactic-data",
          "outputs": Array [
            "environment.conversations",
            "environment.transcripts",
          ],
          "type": "BATCH",
        },
        Object {
          "description": "calculates literally nothing!",
          "inputs": Array [],
          "location": "https://github.com/Galaxy/blob/ecfc04de65137bfd25a0416d227eaba5325c8c63/calculate.galaxy_trips.sql",
          "name": "calculate.nothing",
          "namespace": "galactic-data",
          "outputs": Array [],
          "type": "BATCH",
        },
      ]
    }
  >
    <div>
      <div
        className="NetworkGraph-tooltip-2"
        id="tooltip"
      />
      <svg
        className="NetworkGraph-networkBackground-1"
        id="network-graph"
      >
        <g>
          <g
            id="links"
          />
          <g
            id="jobNodes"
          />
          <g
            id="datasetNodes"
          />
        </g>
      </svg>
      <WithStyles(Legend)
        customClassName="NetworkGraph-legend-3"
      >
        <Legend
          classes={
            Object {
              "datasetShape": "Legend-datasetShape-4",
              "jobShape": "Legend-jobShape-5",
              "shape": "Legend-shape-6",
              "text": "Legend-text-7",
            }
          }
          customClassName="NetworkGraph-legend-3"
        >
          <Styled(MuiBox)
            className="NetworkGraph-legend-3"
            display="flex"
          >
            <div
              className="MuiBox-root MuiBox-root-9 NetworkGraph-legend-3"
            >
              <div
                className="Legend-datasetShape-4 Legend-shape-6"
              />
              <WithStyles(ForwardRef(Typography))
                className="Legend-text-7"
              >
                <ForwardRef(Typography)
                  className="Legend-text-7"
                  classes={
                    Object {
                      "alignCenter": "MuiTypography-alignCenter",
                      "alignJustify": "MuiTypography-alignJustify",
                      "alignLeft": "MuiTypography-alignLeft",
                      "alignRight": "MuiTypography-alignRight",
                      "body1": "MuiTypography-body1",
                      "body2": "MuiTypography-body2",
                      "button": "MuiTypography-button",
                      "caption": "MuiTypography-caption",
                      "colorError": "MuiTypography-colorError",
                      "colorInherit": "MuiTypography-colorInherit",
                      "colorPrimary": "MuiTypography-colorPrimary",
                      "colorSecondary": "MuiTypography-colorSecondary",
                      "colorTextPrimary": "MuiTypography-colorTextPrimary",
                      "colorTextSecondary": "MuiTypography-colorTextSecondary",
                      "displayBlock": "MuiTypography-displayBlock",
                      "displayInline": "MuiTypography-displayInline",
                      "gutterBottom": "MuiTypography-gutterBottom",
                      "h1": "MuiTypography-h1",
                      "h2": "MuiTypography-h2",
                      "h3": "MuiTypography-h3",
                      "h4": "MuiTypography-h4",
                      "h5": "MuiTypography-h5",
                      "h6": "MuiTypography-h6",
                      "noWrap": "MuiTypography-noWrap",
                      "overline": "MuiTypography-overline",
                      "paragraph": "MuiTypography-paragraph",
                      "root": "MuiTypography-root",
                      "srOnly": "MuiTypography-srOnly",
                      "subtitle1": "MuiTypography-subtitle1",
                      "subtitle2": "MuiTypography-subtitle2",
                    }
                  }
                >
                  <p
                    className="MuiTypography-root Legend-text-7 MuiTypography-body1"
                  >
                    datasets
                  </p>
                </ForwardRef(Typography)>
              </WithStyles(ForwardRef(Typography))>
              <div
                className="Legend-jobShape-5 Legend-shape-6"
              />
              <WithStyles(ForwardRef(Typography))
                className="Legend-text-7"
              >
                <ForwardRef(Typography)
                  className="Legend-text-7"
                  classes={
                    Object {
                      "alignCenter": "MuiTypography-alignCenter",
                      "alignJustify": "MuiTypography-alignJustify",
                      "alignLeft": "MuiTypography-alignLeft",
                      "alignRight": "MuiTypography-alignRight",
                      "body1": "MuiTypography-body1",
                      "body2": "MuiTypography-body2",
                      "button": "MuiTypography-button",
                      "caption": "MuiTypography-caption",
                      "colorError": "MuiTypography-colorError",
                      "colorInherit": "MuiTypography-colorInherit",
                      "colorPrimary": "MuiTypography-colorPrimary",
                      "colorSecondary": "MuiTypography-colorSecondary",
                      "colorTextPrimary": "MuiTypography-colorTextPrimary",
                      "colorTextSecondary": "MuiTypography-colorTextSecondary",
                      "displayBlock": "MuiTypography-displayBlock",
                      "displayInline": "MuiTypography-displayInline",
                      "gutterBottom": "MuiTypography-gutterBottom",
                      "h1": "MuiTypography-h1",
                      "h2": "MuiTypography-h2",
                      "h3": "MuiTypography-h3",
                      "h4": "MuiTypography-h4",
                      "h5": "MuiTypography-h5",
                      "h6": "MuiTypography-h6",
                      "noWrap": "MuiTypography-noWrap",
                      "overline": "MuiTypography-overline",
                      "paragraph": "MuiTypography-paragraph",
                      "root": "MuiTypography-root",
                      "srOnly": "MuiTypography-srOnly",
                      "subtitle1": "MuiTypography-subtitle1",
                      "subtitle2": "MuiTypography-subtitle2",
                    }
                  }
                >
                  <p
                    className="MuiTypography-root Legend-text-7 MuiTypography-body1"
                  >
                    jobs
                  </p>
                </ForwardRef(Typography)>
              </WithStyles(ForwardRef(Typography))>
            </div>
          </Styled(MuiBox)>
        </Legend>
      </WithStyles(Legend)>
    </div>
  </NetworkGraph>
</WithStyles(NetworkGraph)>
`;
